Archive member included to satisfy reference by file (symbol)

c:/st/stm32cubeide_1.6.0/stm32cubeide/plugins/com.st.stm32cube.ide.mcu.externaltools.gnu-tools-for-stm32.9-2020-q2-update.win32_2.0.0.202105311346/tools/bin/../lib/gcc/arm-none-eabi/9.3.1/../../../../arm-none-eabi/lib/thumb/v7e-m+dp/hard\libc_nano.a(lib_a-errno.o)
                              ./Core/Src/syscalls.o (__errno)
c:/st/stm32cubeide_1.6.0/stm32cubeide/plugins/com.st.stm32cube.ide.mcu.externaltools.gnu-tools-for-stm32.9-2020-q2-update.win32_2.0.0.202105311346/tools/bin/../lib/gcc/arm-none-eabi/9.3.1/../../../../arm-none-eabi/lib/thumb/v7e-m+dp/hard\libc_nano.a(lib_a-exit.o)
                              c:/st/stm32cubeide_1.6.0/stm32cubeide/plugins/com.st.stm32cube.ide.mcu.externaltools.gnu-tools-for-stm32.9-2020-q2-update.win32_2.0.0.202105311346/tools/bin/../lib/gcc/arm-none-eabi/9.3.1/../../../../arm-none-eabi/lib/thumb/v7e-m+dp/hard/crt0.o (exit)
c:/st/stm32cubeide_1.6.0/stm32cubeide/plugins/com.st.stm32cube.ide.mcu.externaltools.gnu-tools-for-stm32.9-2020-q2-update.win32_2.0.0.202105311346/tools/bin/../lib/gcc/arm-none-eabi/9.3.1/../../../../arm-none-eabi/lib/thumb/v7e-m+dp/hard\libc_nano.a(lib_a-impure.o)
                              c:/st/stm32cubeide_1.6.0/stm32cubeide/plugins/com.st.stm32cube.ide.mcu.externaltools.gnu-tools-for-stm32.9-2020-q2-update.win32_2.0.0.202105311346/tools/bin/../lib/gcc/arm-none-eabi/9.3.1/../../../../arm-none-eabi/lib/thumb/v7e-m+dp/hard\libc_nano.a(lib_a-exit.o) (_global_impure_ptr)
c:/st/stm32cubeide_1.6.0/stm32cubeide/plugins/com.st.stm32cube.ide.mcu.externaltools.gnu-tools-for-stm32.9-2020-q2-update.win32_2.0.0.202105311346/tools/bin/../lib/gcc/arm-none-eabi/9.3.1/../../../../arm-none-eabi/lib/thumb/v7e-m+dp/hard\libc_nano.a(lib_a-init.o)
                              c:/st/stm32cubeide_1.6.0/stm32cubeide/plugins/com.st.stm32cube.ide.mcu.externaltools.gnu-tools-for-stm32.9-2020-q2-update.win32_2.0.0.202105311346/tools/bin/../lib/gcc/arm-none-eabi/9.3.1/../../../../arm-none-eabi/lib/thumb/v7e-m+dp/hard/crt0.o (__libc_init_array)
c:/st/stm32cubeide_1.6.0/stm32cubeide/plugins/com.st.stm32cube.ide.mcu.externaltools.gnu-tools-for-stm32.9-2020-q2-update.win32_2.0.0.202105311346/tools/bin/../lib/gcc/arm-none-eabi/9.3.1/../../../../arm-none-eabi/lib/thumb/v7e-m+dp/hard\libc_nano.a(lib_a-memset.o)
                              c:/st/stm32cubeide_1.6.0/stm32cubeide/plugins/com.st.stm32cube.ide.mcu.externaltools.gnu-tools-for-stm32.9-2020-q2-update.win32_2.0.0.202105311346/tools/bin/../lib/gcc/arm-none-eabi/9.3.1/../../../../arm-none-eabi/lib/thumb/v7e-m+dp/hard/crt0.o (memset)
c:/st/stm32cubeide_1.6.0/stm32cubeide/plugins/com.st.stm32cube.ide.mcu.externaltools.gnu-tools-for-stm32.9-2020-q2-update.win32_2.0.0.202105311346/tools/bin/../lib/gcc/arm-none-eabi/9.3.1/../../../../arm-none-eabi/lib/thumb/v7e-m+dp/hard\libc_nano.a(lib_a-strlen.o)
                              ./Core/Src/main.o (strlen)

Allocating common symbols
Common symbol       size              file

retSD               0x1               ./FATFS/App/fatfs.o
hsd1                0x7c              ./Core/Src/main.o
uwTick              0x4               ./Drivers/STM32H7xx_HAL_Driver/stm32h7xx_hal.o
pFlash              0x1c              ./Drivers/STM32H7xx_HAL_Driver/stm32h7xx_hal_flash.o
SDPath              0x4               ./FATFS/App/fatfs.o
SDFile              0x230             ./FATFS/App/fatfs.o
SDFatFS             0x230             ./FATFS/App/fatfs.o

Discarded input sections

 .text          0x0000000000000000        0x0 c:/st/stm32cubeide_1.6.0/stm32cubeide/plugins/com.st.stm32cube.ide.mcu.externaltools.gnu-tools-for-stm32.9-2020-q2-update.win32_2.0.0.202105311346/tools/bin/../lib/gcc/arm-none-eabi/9.3.1/thumb/v7e-m+dp/hard/crti.o
 .data          0x0000000000000000        0x0 c:/st/stm32cubeide_1.6.0/stm32cubeide/plugins/com.st.stm32cube.ide.mcu.externaltools.gnu-tools-for-stm32.9-2020-q2-update.win32_2.0.0.202105311346/tools/bin/../lib/gcc/arm-none-eabi/9.3.1/thumb/v7e-m+dp/hard/crti.o
 .bss           0x0000000000000000        0x0 c:/st/stm32cubeide_1.6.0/stm32cubeide/plugins/com.st.stm32cube.ide.mcu.externaltools.gnu-tools-for-stm32.9-2020-q2-update.win32_2.0.0.202105311346/tools/bin/../lib/gcc/arm-none-eabi/9.3.1/thumb/v7e-m+dp/hard/crti.o
 .data          0x0000000000000000        0x4 c:/st/stm32cubeide_1.6.0/stm32cubeide/plugins/com.st.stm32cube.ide.mcu.externaltools.gnu-tools-for-stm32.9-2020-q2-update.win32_2.0.0.202105311346/tools/bin/../lib/gcc/arm-none-eabi/9.3.1/thumb/v7e-m+dp/hard/crtbegin.o
 .text          0x0000000000000000       0x7c c:/st/stm32cubeide_1.6.0/stm32cubeide/plugins/com.st.stm32cube.ide.mcu.externaltools.gnu-tools-for-stm32.9-2020-q2-update.win32_2.0.0.202105311346/tools/bin/../lib/gcc/arm-none-eabi/9.3.1/../../../../arm-none-eabi/lib/thumb/v7e-m+dp/hard/crt0.o
[...]
Memory Configuration

Name             Origin             Length             Attributes
RAM              0x0000000024000000 0x0000000000040000 xrw
FLASH            0x0000000008000000 0x0000000000100000 xr
DTCMRAM          0x0000000020000000 0x0000000000020000 xrw
RAM_D2           0x0000000030000000 0x0000000000048000 xrw
RAM_D3           0x0000000038000000 0x0000000000010000 xrw
ITCMRAM          0x0000000000000000 0x0000000000010000 xrw
*default*        0x0000000000000000 0xffffffffffffffff

Linker script and memory map

LOAD c:/st/stm32cubeide_1.6.0/stm32cubeide/plugins/com.st.stm32cube.ide.mcu.externaltools.gnu-tools-for-stm32.9-2020-q2-update.win32_2.0.0.202105311346/tools/bin/../lib/gcc/arm-none-eabi/9.3.1/thumb/v7e-m+dp/hard/crti.o
LOAD c:/st/stm32cubeide_1.6.0/stm32cubeide/plugins/com.st.stm32cube.ide.mcu.externaltools.gnu-tools-for-stm32.9-2020-q2-update.win32_2.0.0.202105311346/tools/bin/../lib/gcc/arm-none-eabi/9.3.1/thumb/v7e-m+dp/hard/crtbegin.o
LOAD c:/st/stm32cubeide_1.6.0/stm32cubeide/plugins/com.st.stm32cube.ide.mcu.externaltools.gnu-tools-for-stm32.9-2020-q2-update.win32_2.0.0.202105311346/tools/bin/../lib/gcc/arm-none-eabi/9.3.1/../../../../arm-none-eabi/lib/thumb/v7e-m+dp/hard/crt0.o
LOAD ./Common/Src/system_stm32h7xx_dualcore_boot_cm4_cm7.o
LOAD ./Core/Src/main.o
LOAD ./Core/Src/stm32h7xx_hal_msp.o
LOAD ./Core/Src/stm32h7xx_it.o
LOAD ./Core/Src/syscalls.o
LOAD ./Core/Src/sysmem.o
LOAD ./Core/Startup/startup_stm32h747xihx.o
LOAD ./Drivers/STM32H7xx_HAL_Driver/stm32h7xx_hal.o
LOAD ./Drivers/STM32H7xx_HAL_Driver/stm32h7xx_hal_cortex.o
LOAD ./Drivers/STM32H7xx_HAL_Driver/stm32h7xx_hal_dma.o
LOAD ./Drivers/STM32H7xx_HAL_Driver/stm32h7xx_hal_dma_ex.o
LOAD ./Drivers/STM32H7xx_HAL_Driver/stm32h7xx_hal_exti.o
LOAD ./Drivers/STM32H7xx_HAL_Driver/stm32h7xx_hal_flash.o
LOAD ./Drivers/STM32H7xx_HAL_Driver/stm32h7xx_hal_flash_ex.o
LOAD ./Drivers/STM32H7xx_HAL_Driver/stm32h7xx_hal_gpio.o
LOAD ./Drivers/STM32H7xx_HAL_Driver/stm32h7xx_hal_hsem.o
LOAD ./Drivers/STM32H7xx_HAL_Driver/stm32h7xx_hal_i2c.o
LOAD ./Drivers/STM32H7xx_HAL_Driver/stm32h7xx_hal_i2c_ex.o
LOAD ./Drivers/STM32H7xx_HAL_Driver/stm32h7xx_hal_mdma.o
LOAD ./Drivers/STM32H7xx_HAL_Driver/stm32h7xx_hal_pwr.o
LOAD ./Drivers/STM32H7xx_HAL_Driver/stm32h7xx_hal_pwr_ex.o
LOAD ./Drivers/STM32H7xx_HAL_Driver/stm32h7xx_hal_rcc.o
LOAD ./Drivers/STM32H7xx_HAL_Driver/stm32h7xx_hal_rcc_ex.o
LOAD ./Drivers/STM32H7xx_HAL_Driver/stm32h7xx_hal_sd.o
LOAD ./Drivers/STM32H7xx_HAL_Driver/stm32h7xx_hal_sd_ex.o
LOAD ./Drivers/STM32H7xx_HAL_Driver/stm32h7xx_hal_tim.o
LOAD ./Drivers/STM32H7xx_HAL_Driver/stm32h7xx_hal_tim_ex.o
LOAD ./Drivers/STM32H7xx_HAL_Driver/stm32h7xx_ll_delayblock.o
LOAD ./Drivers/STM32H7xx_HAL_Driver/stm32h7xx_ll_sdmmc.o
LOAD ./FATFS/App/fatfs.o
LOAD ./FATFS/Target/bsp_driver_sd.o
LOAD ./FATFS/Target/fatfs_platform.o
LOAD ./FATFS/Target/sd_diskio.o
LOAD ./Middlewares/Third_Party/FatFs/diskio.o
LOAD ./Middlewares/Third_Party/FatFs/ff.o
LOAD ./Middlewares/Third_Party/FatFs/ff_gen_drv.o
LOAD ./Middlewares/Third_Party/FatFs/syscall.o
START GROUP
LOAD c:/st/stm32cubeide_1.6.0/stm32cubeide/plugins/com.st.stm32cube.ide.mcu.externaltools.gnu-tools-for-stm32.9-2020-q2-update.win32_2.0.0.202105311346/tools/bin/../lib/gcc/arm-none-eabi/9.3.1/../../../../arm-none-eabi/lib/thumb/v7e-m+dp/hard\libc_nano.a
LOAD c:/st/stm32cubeide_1.6.0/stm32cubeide/plugins/com.st.stm32cube.ide.mcu.externaltools.gnu-tools-for-stm32.9-2020-q2-update.win32_2.0.0.202105311346/tools/bin/../lib/gcc/arm-none-eabi/9.3.1/../../../../arm-none-eabi/lib/thumb/v7e-m+dp/hard\libm.a
END GROUP
START GROUP
LOAD c:/st/stm32cubeide_1.6.0/stm32cubeide/plugins/com.st.stm32cube.ide.mcu.externaltools.gnu-tools-for-stm32.9-2020-q2-update.win32_2.0.0.202105311346/tools/bin/../lib/gcc/arm-none-eabi/9.3.1/thumb/v7e-m+dp/hard\libgcc.a
LOAD c:/st/stm32cubeide_1.6.0/stm32cubeide/plugins/com.st.stm32cube.ide.mcu.externaltools.gnu-tools-for-stm32.9-2020-q2-update.win32_2.0.0.202105311346/tools/bin/../lib/gcc/arm-none-eabi/9.3.1/../../../../arm-none-eabi/lib/thumb/v7e-m+dp/hard\libc_nano.a
END GROUP
START GROUP
LOAD c:/st/stm32cubeide_1.6.0/stm32cubeide/plugins/com.st.stm32cube.ide.mcu.externaltools.gnu-tools-for-stm32.9-2020-q2-update.win32_2.0.0.202105311346/tools/bin/../lib/gcc/arm-none-eabi/9.3.1/thumb/v7e-m+dp/hard\libgcc.a
LOAD c:/st/stm32cubeide_1.6.0/stm32cubeide/plugins/com.st.stm32cube.ide.mcu.externaltools.gnu-tools-for-stm32.9-2020-q2-update.win32_2.0.0.202105311346/tools/bin/../lib/gcc/arm-none-eabi/9.3.1/../../../../arm-none-eabi/lib/thumb/v7e-m+dp/hard\libc_nano.a
LOAD c:/st/stm32cubeide_1.6.0/stm32cubeide/plugins/com.st.stm32cube.ide.mcu.externaltools.gnu-tools-for-stm32.9-2020-q2-update.win32_2.0.0.202105311346/tools/bin/../lib/gcc/arm-none-eabi/9.3.1/../../../../arm-none-eabi/lib/thumb/v7e-m+dp/hard\libnosys.a
END GROUP
START GROUP
LOAD c:/st/stm32cubeide_1.6.0/stm32cubeide/plugins/com.st.stm32cube.ide.mcu.externaltools.gnu-tools-for-stm32.9-2020-q2-update.win32_2.0.0.202105311346/tools/bin/../lib/gcc/arm-none-eabi/9.3.1/thumb/v7e-m+dp/hard\libgcc.a
LOAD c:/st/stm32cubeide_1.6.0/stm32cubeide/plugins/com.st.stm32cube.ide.mcu.externaltools.gnu-tools-for-stm32.9-2020-q2-update.win32_2.0.0.202105311346/tools/bin/../lib/gcc/arm-none-eabi/9.3.1/../../../../arm-none-eabi/lib/thumb/v7e-m+dp/hard\libc_nano.a
LOAD c:/st/stm32cubeide_1.6.0/stm32cubeide/plugins/com.st.stm32cube.ide.mcu.externaltools.gnu-tools-for-stm32.9-2020-q2-update.win32_2.0.0.202105311346/tools/bin/../lib/gcc/arm-none-eabi/9.3.1/../../../../arm-none-eabi/lib/thumb/v7e-m+dp/hard\libnosys.a
END GROUP
LOAD c:/st/stm32cubeide_1.6.0/stm32cubeide/plugins/com.st.stm32cube.ide.mcu.externaltools.gnu-tools-for-stm32.9-2020-q2-update.win32_2.0.0.202105311346/tools/bin/../lib/gcc/arm-none-eabi/9.3.1/thumb/v7e-m+dp/hard/crtend.o
LOAD c:/st/stm32cubeide_1.6.0/stm32cubeide/plugins/com.st.stm32cube.ide.mcu.externaltools.gnu-tools-for-stm32.9-2020-q2-update.win32_2.0.0.202105311346/tools/bin/../lib/gcc/arm-none-eabi/9.3.1/thumb/v7e-m+dp/hard/crtn.o
                0x0000000024040000                _estack = (ORIGIN (RAM) + LENGTH (RAM))
                0x0000000000000400                _Min_Heap_Size = 0x400
                0x0000000000000800                _Min_Stack_Size = 0x800

.isr_vector     0x0000000008000000      0x298
                0x0000000008000000                . = ALIGN (0x4)
 *(.isr_vector)
 .isr_vector    0x0000000008000000      0x298 ./Core/Startup/startup_stm32h747xihx.o
                0x0000000008000000                g_pfnVectors
                0x0000000008000298                . = ALIGN (0x4)

.text           0x0000000008000298     0x96c0
                0x0000000008000298                . = ALIGN (0x4)
 *(.text)
 .text          0x0000000008000298       0x40 c:/st/stm32cubeide_1.6.0/stm32cubeide/plugins/com.st.stm32cube.ide.mcu.externaltools.gnu-tools-for-stm32.9-2020-q2-update.win32_2.0.0.202105311346/tools/bin/../lib/gcc/arm-none-eabi/9.3.1/thumb/v7e-m+dp/hard/crtbegin.o
 .text          0x00000000080002d8       0x10 c:/st/stm32cubeide_1.6.0/stm32cubeide/plugins/com.st.stm32cube.ide.mcu.externaltools.gnu-tools-for-stm32.9-2020-q2-update.win32_2.0.0.202105311346/tools/bin/../lib/gcc/arm-none-eabi/9.3.1/../../../../arm-none-eabi/lib/thumb/v7e-m+dp/hard\libc_nano.a(lib_a-strlen.o)
                0x00000000080002d8                strlen
 *(.text*)
 .text.SystemInit
                0x00000000080002e8      0x134 ./Common/Src/system_stm32h7xx_dualcore_boot_cm4_cm7.o
                0x00000000080002e8                SystemInit
 .text.main     0x000000000800041c      0x16c ./Core/Src/main.o
                0x000000000800041c                main
 .text.SystemClock_Config
                0x0000000008000588       0xf4 ./Core/Src/main.o
                0x0000000008000588                SystemClock_Config
 .text.MX_SDMMC1_SD_Init
                0x000000000800067c       0x48 ./Core/Src/main.o
 .text.MX_GPIO_Init
                0x00000000080006c4       0xc4 ./Core/Src/main.o
 .text.Error_Handler
                0x0000000008000788        0xa ./Core/Src/main.o
                0x0000000008000788                Error_Handler
 *fill*         0x0000000008000792        0x2 
 .text.HAL_MspInit
                0x0000000008000794       0x34 ./Core/Src/stm32h7xx_hal_msp.o
                0x0000000008000794                HAL_MspInit
 .text.HAL_SD_MspInit
                0x00000000080007c8      0x128 ./Core/Src/stm32h7xx_hal_msp.o
                0x00000000080007c8                HAL_SD_MspInit
 .text.NMI_Handler
                0x00000000080008f0        0x6 ./Core/Src/stm32h7xx_it.o
                0x00000000080008f0                NMI_Handler
 .text.HardFault_Handler
                0x00000000080008f6        0x6 ./Core/Src/stm32h7xx_it.o
                0x00000000080008f6                HardFault_Handler
 .text.MemManage_Handler
                0x00000000080008fc        0x6 ./Core/Src/stm32h7xx_it.o
                0x00000000080008fc                MemManage_Handler
 .text.BusFault_Handler
                0x0000000008000902        0x6 ./Core/Src/stm32h7xx_it.o
                0x0000000008000902                BusFault_Handler
 .text.UsageFault_Handler
                0x0000000008000908        0x6 ./Core/Src/stm32h7xx_it.o
                0x0000000008000908                UsageFault_Handler
 .text.SVC_Handler
                0x000000000800090e        0xe ./Core/Src/stm32h7xx_it.o
                0x000000000800090e                SVC_Handler
 .text.DebugMon_Handler
                0x000000000800091c        0xe ./Core/Src/stm32h7xx_it.o
                0x000000000800091c                DebugMon_Handler
 .text.PendSV_Handler
                0x000000000800092a        0xe ./Core/Src/stm32h7xx_it.o
                0x000000000800092a                PendSV_Handler
 .text.SysTick_Handler
                0x0000000008000938        0xc ./Core/Src/stm32h7xx_it.o
                0x0000000008000938                SysTick_Handler
 .text.SDMMC1_IRQHandler
                0x0000000008000944       0x14 ./Core/Src/stm32h7xx_it.o
                0x0000000008000944                SDMMC1_IRQHandler
 .text.Reset_Handler
                0x0000000008000958       0x50 ./Core/Startup/startup_stm32h747xihx.o
                0x0000000008000958                Reset_Handler
 .text.Default_Handler
                0x00000000080009a8        0x2 ./Core/Startup/startup_stm32h747xihx.o
                0x00000000080009a8                RTC_Alarm_IRQHandler
                0x00000000080009a8                EXTI2_IRQHandler
                0x00000000080009a8                TIM8_CC_IRQHandler
                0x00000000080009a8                HRTIM1_Master_IRQHandler
                0x00000000080009a8                UART8_IRQHandler
                0x00000000080009a8                SPI4_IRQHandler
                0x00000000080009a8                TIM1_CC_IRQHandler
                0x00000000080009a8                BDMA_Channel6_IRQHandler
                0x00000000080009a8                DMA2_Stream5_IRQHandler
                0x00000000080009a8                HRTIM1_FLT_IRQHandler
                0x00000000080009a8                JPEG_IRQHandler
                0x00000000080009a8                DMA1_Stream5_IRQHandler
                0x00000000080009a8                BDMA_Channel1_IRQHandler
                0x00000000080009a8                HRTIM1_TIMD_IRQHandler
                0x00000000080009a8                TAMP_STAMP_IRQHandler
                0x00000000080009a8                EXTI3_IRQHandler
                0x00000000080009a8                LPTIM4_IRQHandler
                0x00000000080009a8                TIM8_TRG_COM_TIM14_IRQHandler
                0x00000000080009a8                LPTIM2_IRQHandler
                0x00000000080009a8                DFSDM1_FLT1_IRQHandler
                0x00000000080009a8                DMAMUX2_OVR_IRQHandler
                0x00000000080009a8                TIM8_UP_TIM13_IRQHandler
                0x00000000080009a8                I2C3_ER_IRQHandler
                0x00000000080009a8                DFSDM1_FLT2_IRQHandler
                0x00000000080009a8                MDMA_IRQHandler
                0x00000000080009a8                LPTIM3_IRQHandler
                0x00000000080009a8                HSEM1_IRQHandler
                0x00000000080009a8                EXTI0_IRQHandler
                0x00000000080009a8                I2C2_EV_IRQHandler
                0x00000000080009a8                DMA1_Stream2_IRQHandler
                0x00000000080009a8                FPU_IRQHandler
                0x00000000080009a8                OTG_HS_WKUP_IRQHandler
                0x00000000080009a8                FDCAN1_IT1_IRQHandler
                0x00000000080009a8                LTDC_ER_IRQHandler
                0x00000000080009a8                DMA2_Stream2_IRQHandler
                0x00000000080009a8                HRTIM1_TIME_IRQHandler
                0x00000000080009a8                SPI1_IRQHandler
                0x00000000080009a8                TIM6_DAC_IRQHandler
                0x00000000080009a8                DCMI_IRQHandler
                0x00000000080009a8                HRTIM1_TIMC_IRQHandler
                0x00000000080009a8                DMA2_Stream3_IRQHandler
                0x00000000080009a8                SAI2_IRQHandler
                0x00000000080009a8                DFSDM1_FLT3_IRQHandler
                0x00000000080009a8                USART6_IRQHandler
                0x00000000080009a8                TIM17_IRQHandler
                0x00000000080009a8                USART3_IRQHandler
                0x00000000080009a8                BDMA_Channel7_IRQHandler
                0x00000000080009a8                LPTIM5_IRQHandler
                0x00000000080009a8                UART5_IRQHandler
                0x00000000080009a8                ADC3_IRQHandler
                0x00000000080009a8                DMA2_Stream0_IRQHandler
                0x00000000080009a8                TIM4_IRQHandler
                0x00000000080009a8                BDMA_Channel2_IRQHandler
                0x00000000080009a8                QUADSPI_IRQHandler
                0x00000000080009a8                I2C1_EV_IRQHandler
                0x00000000080009a8                DMA1_Stream6_IRQHandler
                0x00000000080009a8                DMAMUX1_OVR_IRQHandler
                0x00000000080009a8                DMA1_Stream1_IRQHandler
                0x00000000080009a8                TIM16_IRQHandler
                0x00000000080009a8                UART4_IRQHandler
                0x00000000080009a8                BDMA_Channel5_IRQHandler
                0x00000000080009a8                TIM3_IRQHandler
                0x00000000080009a8                RCC_IRQHandler
                0x00000000080009a8                TIM8_BRK_TIM12_IRQHandler
                0x00000000080009a8                TIM1_TRG_COM_IRQHandler
                0x00000000080009a8                Default_Handler
                0x00000000080009a8                ECC_IRQHandler
                0x00000000080009a8                CEC_IRQHandler
                0x00000000080009a8                EXTI15_10_IRQHandler
                0x00000000080009a8                BDMA_Channel0_IRQHandler
                0x00000000080009a8                ADC_IRQHandler
                0x00000000080009a8                DMA1_Stream7_IRQHandler
                0x00000000080009a8                HRTIM1_TIMA_IRQHandler
                0x00000000080009a8                SPI5_IRQHandler
                0x00000000080009a8                TIM7_IRQHandler
                0x00000000080009a8                TIM5_IRQHandler
                0x00000000080009a8                DMA2_Stream7_IRQHandler
                0x00000000080009a8                TIM15_IRQHandler
                0x00000000080009a8                PVD_AVD_IRQHandler
                0x00000000080009a8                I2C3_EV_IRQHandler
                0x00000000080009a8                EXTI9_5_IRQHandler
                0x00000000080009a8                RTC_WKUP_IRQHandler
                0x00000000080009a8                LTDC_IRQHandler
                0x00000000080009a8                SAI3_IRQHandler
                0x00000000080009a8                ETH_WKUP_IRQHandler
                0x00000000080009a8                SPDIF_RX_IRQHandler
                0x00000000080009a8                SPI2_IRQHandler
                0x00000000080009a8                OTG_HS_EP1_IN_IRQHandler
                0x00000000080009a8                DMA1_Stream0_IRQHandler
                0x00000000080009a8                CRS_IRQHandler
                0x00000000080009a8                CM7_SEV_IRQHandler
                0x00000000080009a8                EXTI4_IRQHandler
                0x00000000080009a8                RNG_IRQHandler
                0x00000000080009a8                CM4_SEV_IRQHandler
                0x00000000080009a8                HRTIM1_TIMB_IRQHandler
                0x00000000080009a8                FDCAN2_IT1_IRQHandler
                0x00000000080009a8                DSI_IRQHandler
                0x00000000080009a8                ETH_IRQHandler
                0x00000000080009a8                TIM1_UP_IRQHandler
                0x00000000080009a8                WWDG_RST_IRQHandler
                0x00000000080009a8                BDMA_Channel4_IRQHandler
                0x00000000080009a8                OTG_HS_EP1_OUT_IRQHandler
                0x00000000080009a8                WWDG_IRQHandler
                0x00000000080009a8                SPI6_IRQHandler
                0x00000000080009a8                MDIOS_IRQHandler
                0x00000000080009a8                I2C4_EV_IRQHandler
                0x00000000080009a8                FDCAN2_IT0_IRQHandler
                0x00000000080009a8                LPUART1_IRQHandler
                0x00000000080009a8                FDCAN1_IT0_IRQHandler
                0x00000000080009a8                TIM2_IRQHandler
                0x00000000080009a8                OTG_FS_WKUP_IRQHandler
                0x00000000080009a8                OTG_HS_IRQHandler
                0x00000000080009a8                HSEM2_IRQHandler
                0x00000000080009a8                DMA2D_IRQHandler
                0x00000000080009a8                TIM1_BRK_IRQHandler
                0x00000000080009a8                EXTI1_IRQHandler
                0x00000000080009a8                SDMMC2_IRQHandler
                0x00000000080009a8                OTG_FS_EP1_OUT_IRQHandler
                0x00000000080009a8                BDMA_Channel3_IRQHandler
                0x00000000080009a8                HOLD_CORE_IRQHandler
                0x00000000080009a8                UART7_IRQHandler
                0x00000000080009a8                MDIOS_WKUP_IRQHandler
                0x00000000080009a8                USART2_IRQHandler
                0x00000000080009a8                DFSDM1_FLT0_IRQHandler
                0x00000000080009a8                SAI4_IRQHandler
                0x00000000080009a8                I2C2_ER_IRQHandler
                0x00000000080009a8                DMA2_Stream1_IRQHandler
                0x00000000080009a8                FLASH_IRQHandler
                0x00000000080009a8                DMA2_Stream4_IRQHandler
                0x00000000080009a8                USART1_IRQHandler
                0x00000000080009a8                OTG_FS_IRQHandler
                0x00000000080009a8                SPI3_IRQHandler
                0x00000000080009a8                WAKEUP_PIN_IRQHandler
                0x00000000080009a8                DMA1_Stream4_IRQHandler
                0x00000000080009a8                OTG_FS_EP1_IN_IRQHandler
                0x00000000080009a8                I2C1_ER_IRQHandler
                0x00000000080009a8                FMC_IRQHandler
                0x00000000080009a8                FDCAN_CAL_IRQHandler
                0x00000000080009a8                SWPMI1_IRQHandler
                0x00000000080009a8                COMP1_IRQHandler
                0x00000000080009a8                LPTIM1_IRQHandler
                0x00000000080009a8                I2C4_ER_IRQHandler
                0x00000000080009a8                DMA2_Stream6_IRQHandler
                0x00000000080009a8                SAI1_IRQHandler
                0x00000000080009a8                DMA1_Stream3_IRQHandler
 *fill*         0x00000000080009aa        0x2 
 .text.HAL_Init
                0x00000000080009ac       0x78 ./Drivers/STM32H7xx_HAL_Driver/stm32h7xx_hal.o
                0x00000000080009ac                HAL_Init
 .text.HAL_InitTick
                0x0000000008000a24       0x6c ./Drivers/STM32H7xx_HAL_Driver/stm32h7xx_hal.o
                0x0000000008000a24                HAL_InitTick
 .text.HAL_IncTick
                0x0000000008000a90       0x28 ./Drivers/STM32H7xx_HAL_Driver/stm32h7xx_hal.o
                0x0000000008000a90                HAL_IncTick
 .text.HAL_GetTick
                0x0000000008000ab8       0x18 ./Drivers/STM32H7xx_HAL_Driver/stm32h7xx_hal.o
                0x0000000008000ab8                HAL_GetTick
 .text.HAL_Delay
                0x0000000008000ad0       0x48 ./Drivers/STM32H7xx_HAL_Driver/stm32h7xx_hal.o
                0x0000000008000ad0                HAL_Delay
 .text.HAL_GetREVID
                0x0000000008000b18       0x18 ./Drivers/STM32H7xx_HAL_Driver/stm32h7xx_hal.o
                0x0000000008000b18                HAL_GetREVID
 .text.__NVIC_SetPriorityGrouping
                0x0000000008000b30       0x48 ./Drivers/STM32H7xx_HAL_Driver/stm32h7xx_hal_cortex.o
 .text.__NVIC_GetPriorityGrouping
                0x0000000008000b78       0x1c ./Drivers/STM32H7xx_HAL_Driver/stm32h7xx_hal_cortex.o
 .text.__NVIC_EnableIRQ
                0x0000000008000b94       0x3c ./Drivers/STM32H7xx_HAL_Driver/stm32h7xx_hal_cortex.o
 .text.__NVIC_SetPriority
                0x0000000008000bd0       0x54 ./Drivers/STM32H7xx_HAL_Driver/stm32h7xx_hal_cortex.o
 .text.NVIC_EncodePriority
                0x0000000008000c24       0x66 ./Drivers/STM32H7xx_HAL_Driver/stm32h7xx_hal_cortex.o
 *fill*         0x0000000008000c8a        0x2 
 .text.SysTick_Config
                0x0000000008000c8c       0x44 ./Drivers/STM32H7xx_HAL_Driver/stm32h7xx_hal_cortex.o
 .text.HAL_NVIC_SetPriorityGrouping
                0x0000000008000cd0       0x16 ./Drivers/STM32H7xx_HAL_Driver/stm32h7xx_hal_cortex.o
                0x0000000008000cd0                HAL_NVIC_SetPriorityGrouping
 .text.HAL_NVIC_SetPriority
                0x0000000008000ce6       0x34 ./Drivers/STM32H7xx_HAL_Driver/stm32h7xx_hal_cortex.o
                0x0000000008000ce6                HAL_NVIC_SetPriority
 .text.HAL_NVIC_EnableIRQ
                0x0000000008000d1a       0x1c ./Drivers/STM32H7xx_HAL_Driver/stm32h7xx_hal_cortex.o
                0x0000000008000d1a                HAL_NVIC_EnableIRQ
 .text.HAL_SYSTICK_Config
                0x0000000008000d36       0x18 ./Drivers/STM32H7xx_HAL_Driver/stm32h7xx_hal_cortex.o
                0x0000000008000d36                HAL_SYSTICK_Config
 *fill*         0x0000000008000d4e        0x2 
 .text.HAL_GPIO_Init
                0x0000000008000d50      0x360 ./Drivers/STM32H7xx_HAL_Driver/stm32h7xx_hal_gpio.o
                0x0000000008000d50                HAL_GPIO_Init
 .text.HAL_GPIO_ReadPin
                0x00000000080010b0       0x30 ./Drivers/STM32H7xx_HAL_Driver/stm32h7xx_hal_gpio.o
                0x00000000080010b0                HAL_GPIO_ReadPin
 .text.HAL_GPIO_WritePin
                0x00000000080010e0       0x32 ./Drivers/STM32H7xx_HAL_Driver/stm32h7xx_hal_gpio.o
                0x00000000080010e0                HAL_GPIO_WritePin
 *fill*         0x0000000008001112        0x2 
 .text.HAL_HSEM_FastTake
                0x0000000008001114       0x34 ./Drivers/STM32H7xx_HAL_Driver/stm32h7xx_hal_hsem.o
                0x0000000008001114                HAL_HSEM_FastTake
 .text.HAL_HSEM_Release
                0x0000000008001148       0x28 ./Drivers/STM32H7xx_HAL_Driver/stm32h7xx_hal_hsem.o
                0x0000000008001148                HAL_HSEM_Release
 .text.HAL_PWREx_ConfigSupply
                0x0000000008001170       0xb4 ./Drivers/STM32H7xx_HAL_Driver/stm32h7xx_hal_pwr_ex.o
                0x0000000008001170                HAL_PWREx_ConfigSupply
 .text.HAL_RCC_OscConfig
                0x0000000008001224      0x820 ./Drivers/STM32H7xx_HAL_Driver/stm32h7xx_hal_rcc.o
                0x0000000008001224                HAL_RCC_OscConfig
 .text.HAL_RCC_ClockConfig
                0x0000000008001a44      0x36c ./Drivers/STM32H7xx_HAL_Driver/stm32h7xx_hal_rcc.o
                0x0000000008001a44                HAL_RCC_ClockConfig
 .text.HAL_RCC_GetSysClockFreq
                0x0000000008001db0      0x2f4 ./Drivers/STM32H7xx_HAL_Driver/stm32h7xx_hal_rcc.o
                0x0000000008001db0                HAL_RCC_GetSysClockFreq
 .text.HAL_RCC_GetHCLKFreq
                0x00000000080020a4       0x60 ./Drivers/STM32H7xx_HAL_Driver/stm32h7xx_hal_rcc.o
                0x00000000080020a4                HAL_RCC_GetHCLKFreq
 .text.HAL_RCCEx_PeriphCLKConfig
                0x0000000008002104      0xee0 ./Drivers/STM32H7xx_HAL_Driver/stm32h7xx_hal_rcc_ex.o
                0x0000000008002104                HAL_RCCEx_PeriphCLKConfig
 .text.HAL_RCCEx_GetPeriphCLKFreq
                0x0000000008002fe4      0x9a4 ./Drivers/STM32H7xx_HAL_Driver/stm32h7xx_hal_rcc_ex.o
                0x0000000008002fe4                HAL_RCCEx_GetPeriphCLKFreq
 .text.HAL_RCCEx_GetD3PCLK1Freq
                0x0000000008003988       0x2c ./Drivers/STM32H7xx_HAL_Driver/stm32h7xx_hal_rcc_ex.o
                0x0000000008003988                HAL_RCCEx_GetD3PCLK1Freq
 .text.HAL_RCCEx_GetPLL2ClockFreq
                0x00000000080039b4      0x2a8 ./Drivers/STM32H7xx_HAL_Driver/stm32h7xx_hal_rcc_ex.o
                0x00000000080039b4                HAL_RCCEx_GetPLL2ClockFreq
 .text.HAL_RCCEx_GetPLL3ClockFreq
                0x0000000008003c5c      0x2a8 ./Drivers/STM32H7xx_HAL_Driver/stm32h7xx_hal_rcc_ex.o
                0x0000000008003c5c                HAL_RCCEx_GetPLL3ClockFreq
 .text.HAL_RCCEx_GetPLL1ClockFreq
                0x0000000008003f04      0x2a4 ./Drivers/STM32H7xx_HAL_Driver/stm32h7xx_hal_rcc_ex.o
                0x0000000008003f04                HAL_RCCEx_GetPLL1ClockFreq
 .text.RCCEx_PLL2_Config
                0x00000000080041a8      0x164 ./Drivers/STM32H7xx_HAL_Driver/stm32h7xx_hal_rcc_ex.o
 .text.RCCEx_PLL3_Config
                0x000000000800430c      0x164 ./Drivers/STM32H7xx_HAL_Driver/stm32h7xx_hal_rcc_ex.o
 .text.HAL_SD_Init
                0x0000000008004470      0x106 ./Drivers/STM32H7xx_HAL_Driver/stm32h7xx_hal_sd.o
                0x0000000008004470                HAL_SD_Init
 *fill*         0x0000000008004576        0x2 
 .text.HAL_SD_InitCard
                0x0000000008004578      0x128 ./Drivers/STM32H7xx_HAL_Driver/stm32h7xx_hal_sd.o
                0x0000000008004578                HAL_SD_InitCard
 .text.HAL_SD_ReadBlocks_DMA
                0x00000000080046a0      0x150 ./Drivers/STM32H7xx_HAL_Driver/stm32h7xx_hal_sd.o
                0x00000000080046a0                HAL_SD_ReadBlocks_DMA
 .text.HAL_SD_WriteBlocks_DMA
                0x00000000080047f0      0x150 ./Drivers/STM32H7xx_HAL_Driver/stm32h7xx_hal_sd.o
                0x00000000080047f0                HAL_SD_WriteBlocks_DMA
 .text.HAL_SD_IRQHandler
                0x0000000008004940      0x36c ./Drivers/STM32H7xx_HAL_Driver/stm32h7xx_hal_sd.o
                0x0000000008004940                HAL_SD_IRQHandler
 .text.HAL_SD_ErrorCallback
                0x0000000008004cac       0x14 ./Drivers/STM32H7xx_HAL_Driver/stm32h7xx_hal_sd.o
                0x0000000008004cac                HAL_SD_ErrorCallback
 .text.HAL_SD_GetCardCSD
                0x0000000008004cc0      0x348 ./Drivers/STM32H7xx_HAL_Driver/stm32h7xx_hal_sd.o
                0x0000000008004cc0                HAL_SD_GetCardCSD
 .text.HAL_SD_GetCardStatus
                0x0000000008005008      0x16c ./Drivers/STM32H7xx_HAL_Driver/stm32h7xx_hal_sd.o
                0x0000000008005008                HAL_SD_GetCardStatus
 .text.HAL_SD_GetCardInfo
                0x0000000008005174       0x58 ./Drivers/STM32H7xx_HAL_Driver/stm32h7xx_hal_sd.o
                0x0000000008005174                HAL_SD_GetCardInfo
 .text.HAL_SD_ConfigWideBusOperation
                0x00000000080051cc      0x220 ./Drivers/STM32H7xx_HAL_Driver/stm32h7xx_hal_sd.o
                0x00000000080051cc                HAL_SD_ConfigWideBusOperation
 .text.HAL_SD_GetCardState
                0x00000000080053ec       0x40 ./Drivers/STM32H7xx_HAL_Driver/stm32h7xx_hal_sd.o
                0x00000000080053ec                HAL_SD_GetCardState
 .text.SD_InitCard
                0x000000000800542c      0x176 ./Drivers/STM32H7xx_HAL_Driver/stm32h7xx_hal_sd.o
 *fill*         0x00000000080055a2        0x2 
 .text.SD_PowerON
                0x00000000080055a4      0x114 ./Drivers/STM32H7xx_HAL_Driver/stm32h7xx_hal_sd.o
 .text.SD_SendSDStatus
                0x00000000080056b8      0x1a0 ./Drivers/STM32H7xx_HAL_Driver/stm32h7xx_hal_sd.o
 .text.SD_SendStatus
                0x0000000008005858       0x50 ./Drivers/STM32H7xx_HAL_Driver/stm32h7xx_hal_sd.o
 .text.SD_WideBus_Enable
                0x00000000080058a8       0x96 ./Drivers/STM32H7xx_HAL_Driver/stm32h7xx_hal_sd.o
 .text.SD_WideBus_Disable
                0x000000000800593e       0x96 ./Drivers/STM32H7xx_HAL_Driver/stm32h7xx_hal_sd.o
 .text.SD_FindSCR
                0x00000000080059d4      0x1a0 ./Drivers/STM32H7xx_HAL_Driver/stm32h7xx_hal_sd.o
 .text.SD_Read_IT
                0x0000000008005b74       0x8c ./Drivers/STM32H7xx_HAL_Driver/stm32h7xx_hal_sd.o
 .text.SD_Write_IT
                0x0000000008005c00       0x94 ./Drivers/STM32H7xx_HAL_Driver/stm32h7xx_hal_sd.o
 .text.HAL_SDEx_Read_DMADoubleBuf0CpltCallback
                0x0000000008005c94       0x14 ./Drivers/STM32H7xx_HAL_Driver/stm32h7xx_hal_sd.o
                0x0000000008005c94                HAL_SDEx_Read_DMADoubleBuf0CpltCallback
 .text.HAL_SDEx_Read_DMADoubleBuf1CpltCallback
                0x0000000008005ca8       0x14 ./Drivers/STM32H7xx_HAL_Driver/stm32h7xx_hal_sd.o
                0x0000000008005ca8                HAL_SDEx_Read_DMADoubleBuf1CpltCallback
 .text.HAL_SDEx_Write_DMADoubleBuf0CpltCallback
                0x0000000008005cbc       0x14 ./Drivers/STM32H7xx_HAL_Driver/stm32h7xx_hal_sd.o
                0x0000000008005cbc                HAL_SDEx_Write_DMADoubleBuf0CpltCallback
 .text.HAL_SDEx_Write_DMADoubleBuf1CpltCallback
                0x0000000008005cd0       0x14 ./Drivers/STM32H7xx_HAL_Driver/stm32h7xx_hal_sd.o
                0x0000000008005cd0                HAL_SDEx_Write_DMADoubleBuf1CpltCallback
 .text.SDMMC_Init
                0x0000000008005ce4       0x54 ./Drivers/STM32H7xx_HAL_Driver/stm32h7xx_ll_sdmmc.o
                0x0000000008005ce4                SDMMC_Init
 .text.SDMMC_ReadFIFO
                0x0000000008005d38       0x1a ./Drivers/STM32H7xx_HAL_Driver/stm32h7xx_ll_sdmmc.o
                0x0000000008005d38                SDMMC_ReadFIFO
 .text.SDMMC_WriteFIFO
                0x0000000008005d52       0x22 ./Drivers/STM32H7xx_HAL_Driver/stm32h7xx_ll_sdmmc.o
                0x0000000008005d52                SDMMC_WriteFIFO
 .text.SDMMC_PowerState_ON
                0x0000000008005d74       0x22 ./Drivers/STM32H7xx_HAL_Driver/stm32h7xx_ll_sdmmc.o
                0x0000000008005d74                SDMMC_PowerState_ON
 .text.SDMMC_GetPowerState
                0x0000000008005d96       0x1c ./Drivers/STM32H7xx_HAL_Driver/stm32h7xx_ll_sdmmc.o
                0x0000000008005d96                SDMMC_GetPowerState
 *fill*         0x0000000008005db2        0x2 
 .text.SDMMC_SendCommand
                0x0000000008005db4       0x54 ./Drivers/STM32H7xx_HAL_Driver/stm32h7xx_ll_sdmmc.o
                0x0000000008005db4                SDMMC_SendCommand
 .text.SDMMC_GetCommandResponse
                0x0000000008005e08       0x1a ./Drivers/STM32H7xx_HAL_Driver/stm32h7xx_ll_sdmmc.o
                0x0000000008005e08                SDMMC_GetCommandResponse
 .text.SDMMC_GetResponse
                0x0000000008005e22       0x26 ./Drivers/STM32H7xx_HAL_Driver/stm32h7xx_ll_sdmmc.o
                0x0000000008005e22                SDMMC_GetResponse
 .text.SDMMC_ConfigData
                0x0000000008005e48       0x58 ./Drivers/STM32H7xx_HAL_Driver/stm32h7xx_ll_sdmmc.o
                0x0000000008005e48                SDMMC_ConfigData
 .text.SDMMC_CmdBlockLength
                0x0000000008005ea0       0x46 ./Drivers/STM32H7xx_HAL_Driver/stm32h7xx_ll_sdmmc.o
                0x0000000008005ea0                SDMMC_CmdBlockLength
 .text.SDMMC_CmdReadSingleBlock
                0x0000000008005ee6       0x46 ./Drivers/STM32H7xx_HAL_Driver/stm32h7xx_ll_sdmmc.o
                0x0000000008005ee6                SDMMC_CmdReadSingleBlock
 .text.SDMMC_CmdReadMultiBlock
                0x0000000008005f2c       0x46 ./Drivers/STM32H7xx_HAL_Driver/stm32h7xx_ll_sdmmc.o
                0x0000000008005f2c                SDMMC_CmdReadMultiBlock
 .text.SDMMC_CmdWriteSingleBlock
                0x0000000008005f72       0x46 ./Drivers/STM32H7xx_HAL_Driver/stm32h7xx_ll_sdmmc.o
                0x0000000008005f72                SDMMC_CmdWriteSingleBlock
 .text.SDMMC_CmdWriteMultiBlock
                0x0000000008005fb8       0x46 ./Drivers/STM32H7xx_HAL_Driver/stm32h7xx_ll_sdmmc.o
                0x0000000008005fb8                SDMMC_CmdWriteMultiBlock
 *fill*         0x0000000008005ffe        0x2 
 .text.SDMMC_CmdStopTransfer
                0x0000000008006000       0x78 ./Drivers/STM32H7xx_HAL_Driver/stm32h7xx_ll_sdmmc.o
                0x0000000008006000                SDMMC_CmdStopTransfer
 .text.SDMMC_CmdSelDesel
                0x0000000008006078       0x46 ./Drivers/STM32H7xx_HAL_Driver/stm32h7xx_ll_sdmmc.o
                0x0000000008006078                SDMMC_CmdSelDesel
 .text.SDMMC_CmdGoIdleState
                0x00000000080060be       0x3c ./Drivers/STM32H7xx_HAL_Driver/stm32h7xx_ll_sdmmc.o
                0x00000000080060be                SDMMC_CmdGoIdleState
 .text.SDMMC_CmdOperCond
                0x00000000080060fa       0x40 ./Drivers/STM32H7xx_HAL_Driver/stm32h7xx_ll_sdmmc.o
                0x00000000080060fa                SDMMC_CmdOperCond
 .text.SDMMC_CmdAppCommand
                0x000000000800613a       0x46 ./Drivers/STM32H7xx_HAL_Driver/stm32h7xx_ll_sdmmc.o
                0x000000000800613a                SDMMC_CmdAppCommand
 .text.SDMMC_CmdAppOperCommand
                0x0000000008006180       0x40 ./Drivers/STM32H7xx_HAL_Driver/stm32h7xx_ll_sdmmc.o
                0x0000000008006180                SDMMC_CmdAppOperCommand
 .text.SDMMC_CmdBusWidth
                0x00000000080061c0       0x46 ./Drivers/STM32H7xx_HAL_Driver/stm32h7xx_ll_sdmmc.o
                0x00000000080061c0                SDMMC_CmdBusWidth
 .text.SDMMC_CmdSendSCR
                0x0000000008006206       0x44 ./Drivers/STM32H7xx_HAL_Driver/stm32h7xx_ll_sdmmc.o
                0x0000000008006206                SDMMC_CmdSendSCR
 .text.SDMMC_CmdSendCID
                0x000000000800624a       0x3e ./Drivers/STM32H7xx_HAL_Driver/stm32h7xx_ll_sdmmc.o
                0x000000000800624a                SDMMC_CmdSendCID
 .text.SDMMC_CmdSendCSD
                0x0000000008006288       0x40 ./Drivers/STM32H7xx_HAL_Driver/stm32h7xx_ll_sdmmc.o
                0x0000000008006288                SDMMC_CmdSendCSD
 .text.SDMMC_CmdSetRelAdd
                0x00000000080062c8       0x44 ./Drivers/STM32H7xx_HAL_Driver/stm32h7xx_ll_sdmmc.o
                0x00000000080062c8                SDMMC_CmdSetRelAdd
 .text.SDMMC_CmdSendStatus
                0x000000000800630c       0x46 ./Drivers/STM32H7xx_HAL_Driver/stm32h7xx_ll_sdmmc.o
                0x000000000800630c                SDMMC_CmdSendStatus
 .text.SDMMC_CmdStatusRegister
                0x0000000008006352       0x44 ./Drivers/STM32H7xx_HAL_Driver/stm32h7xx_ll_sdmmc.o
                0x0000000008006352                SDMMC_CmdStatusRegister
 *fill*         0x0000000008006396        0x2 
 .text.SDMMC_GetCmdResp1
                0x0000000008006398      0x1e4 ./Drivers/STM32H7xx_HAL_Driver/stm32h7xx_ll_sdmmc.o
                0x0000000008006398                SDMMC_GetCmdResp1
 .text.SDMMC_GetCmdResp2
                0x000000000800657c       0x94 ./Drivers/STM32H7xx_HAL_Driver/stm32h7xx_ll_sdmmc.o
                0x000000000800657c                SDMMC_GetCmdResp2
 .text.SDMMC_GetCmdResp3
                0x0000000008006610       0x80 ./Drivers/STM32H7xx_HAL_Driver/stm32h7xx_ll_sdmmc.o
                0x0000000008006610                SDMMC_GetCmdResp3
 .text.SDMMC_GetCmdResp6
                0x0000000008006690       0xf0 ./Drivers/STM32H7xx_HAL_Driver/stm32h7xx_ll_sdmmc.o
                0x0000000008006690                SDMMC_GetCmdResp6
 .text.SDMMC_GetCmdResp7
                0x0000000008006780       0x9c ./Drivers/STM32H7xx_HAL_Driver/stm32h7xx_ll_sdmmc.o
                0x0000000008006780                SDMMC_GetCmdResp7
 .text.SDMMC_GetCmdError
                0x000000000800681c       0x5c ./Drivers/STM32H7xx_HAL_Driver/stm32h7xx_ll_sdmmc.o
 .text.MX_FATFS_Init
                0x0000000008006878       0x24 ./FATFS/App/fatfs.o
                0x0000000008006878                MX_FATFS_Init
 .text.get_fattime
                0x000000000800689c       0x10 ./FATFS/App/fatfs.o
                0x000000000800689c                get_fattime
 .text.BSP_SD_Init
                0x00000000080068ac       0x4c ./FATFS/Target/bsp_driver_sd.o
                0x00000000080068ac                BSP_SD_Init
 .text.BSP_SD_ReadBlocks_DMA
                0x00000000080068f8       0x34 ./FATFS/Target/bsp_driver_sd.o
                0x00000000080068f8                BSP_SD_ReadBlocks_DMA
 .text.BSP_SD_WriteBlocks_DMA
                0x000000000800692c       0x34 ./FATFS/Target/bsp_driver_sd.o
                0x000000000800692c                BSP_SD_WriteBlocks_DMA
 .text.BSP_SD_GetCardState
                0x0000000008006960       0x20 ./FATFS/Target/bsp_driver_sd.o
                0x0000000008006960                BSP_SD_GetCardState
 .text.BSP_SD_GetCardInfo
                0x0000000008006980       0x1c ./FATFS/Target/bsp_driver_sd.o
                0x0000000008006980                BSP_SD_GetCardInfo
 .text.HAL_SD_TxCpltCallback
                0x000000000800699c       0x14 ./FATFS/Target/bsp_driver_sd.o
                0x000000000800699c                HAL_SD_TxCpltCallback
 .text.HAL_SD_RxCpltCallback
                0x00000000080069b0       0x14 ./FATFS/Target/bsp_driver_sd.o
                0x00000000080069b0                HAL_SD_RxCpltCallback
 .text.BSP_SD_IsDetected
                0x00000000080069c4       0x24 ./FATFS/Target/bsp_driver_sd.o
                0x00000000080069c4                BSP_SD_IsDetected
 .text.BSP_PlatformIsDetected
                0x00000000080069e8       0x2c ./FATFS/Target/fatfs_platform.o
                0x00000000080069e8                BSP_PlatformIsDetected
 .text.SD_CheckStatusWithTimeout
                0x0000000008006a14       0x3a ./FATFS/Target/sd_diskio.o
 *fill*         0x0000000008006a4e        0x2 
 .text.SD_CheckStatus
                0x0000000008006a50       0x3c ./FATFS/Target/sd_diskio.o
 .text.SD_initialize
                0x0000000008006a8c       0x38 ./FATFS/Target/sd_diskio.o
                0x0000000008006a8c                SD_initialize
 .text.SD_status
                0x0000000008006ac4       0x1c ./FATFS/Target/sd_diskio.o
                0x0000000008006ac4                SD_status
 .text.SD_read  0x0000000008006ae0       0xac ./FATFS/Target/sd_diskio.o
                0x0000000008006ae0                SD_read
 .text.SD_write
                0x0000000008006b8c       0xac ./FATFS/Target/sd_diskio.o
                0x0000000008006b8c                SD_write
 .text.SD_ioctl
                0x0000000008006c38       0xb0 ./FATFS/Target/sd_diskio.o
                0x0000000008006c38                SD_ioctl
 .text.BSP_SD_WriteCpltCallback
                0x0000000008006ce8       0x18 ./FATFS/Target/sd_diskio.o
                0x0000000008006ce8                BSP_SD_WriteCpltCallback
 .text.BSP_SD_ReadCpltCallback
                0x0000000008006d00       0x18 ./FATFS/Target/sd_diskio.o
                0x0000000008006d00                BSP_SD_ReadCpltCallback
 .text.disk_status
                0x0000000008006d18       0x34 ./Middlewares/Third_Party/FatFs/diskio.o
                0x0000000008006d18                disk_status
 .text.disk_initialize
                0x0000000008006d4c       0x4c ./Middlewares/Third_Party/FatFs/diskio.o
                0x0000000008006d4c                disk_initialize
 .text.disk_read
                0x0000000008006d98       0x40 ./Middlewares/Third_Party/FatFs/diskio.o
                0x0000000008006d98                disk_read
 .text.disk_write
                0x0000000008006dd8       0x40 ./Middlewares/Third_Party/FatFs/diskio.o
                0x0000000008006dd8                disk_write
 .text.disk_ioctl
                0x0000000008006e18       0x3c ./Middlewares/Third_Party/FatFs/diskio.o
                0x0000000008006e18                disk_ioctl
 .text.ld_word  0x0000000008006e54       0x30 ./Middlewares/Third_Party/FatFs/ff.o
 .text.ld_dword
                0x0000000008006e84       0x46 ./Middlewares/Third_Party/FatFs/ff.o
 .text.st_word  0x0000000008006eca       0x36 ./Middlewares/Third_Party/FatFs/ff.o
 .text.st_dword
                0x0000000008006f00       0x58 ./Middlewares/Third_Party/FatFs/ff.o
 .text.mem_cpy  0x0000000008006f58       0x42 ./Middlewares/Third_Party/FatFs/ff.o
 .text.mem_set  0x0000000008006f9a       0x36 ./Middlewares/Third_Party/FatFs/ff.o
 .text.mem_cmp  0x0000000008006fd0       0x4e ./Middlewares/Third_Party/FatFs/ff.o
 .text.chk_chr  0x000000000800701e       0x36 ./Middlewares/Third_Party/FatFs/ff.o
 .text.chk_lock
                0x0000000008007054       0xb8 ./Middlewares/Third_Party/FatFs/ff.o
 .text.enq_lock
                0x000000000800710c       0x44 ./Middlewares/Third_Party/FatFs/ff.o
 .text.inc_lock
                0x0000000008007150      0x11c ./Middlewares/Third_Party/FatFs/ff.o
 .text.dec_lock
                0x000000000800726c       0x78 ./Middlewares/Third_Party/FatFs/ff.o
 .text.clear_lock
                0x00000000080072e4       0x48 ./Middlewares/Third_Party/FatFs/ff.o
 .text.sync_window
                0x000000000800732c       0x88 ./Middlewares/Third_Party/FatFs/ff.o
 .text.move_window
                0x00000000080073b4       0x5a ./Middlewares/Third_Party/FatFs/ff.o
 *fill*         0x000000000800740e        0x2 
 .text.sync_fs  0x0000000008007410       0xdc ./Middlewares/Third_Party/FatFs/ff.o
 .text.clust2sect
                0x00000000080074ec       0x3e ./Middlewares/Third_Party/FatFs/ff.o
 .text.get_fat  0x000000000800752a      0x150 ./Middlewares/Third_Party/FatFs/ff.o
 .text.put_fat  0x000000000800767a      0x1d8 ./Middlewares/Third_Party/FatFs/ff.o
 .text.remove_chain
                0x0000000008007852       0xca ./Middlewares/Third_Party/FatFs/ff.o
 .text.create_chain
                0x000000000800791c      0x130 ./Middlewares/Third_Party/FatFs/ff.o
 .text.clmt_clust
                0x0000000008007a4c       0x68 ./Middlewares/Third_Party/FatFs/ff.o
 .text.dir_sdi  0x0000000008007ab4       0xf6 ./Middlewares/Third_Party/FatFs/ff.o
 .text.dir_next
                0x0000000008007baa      0x18a ./Middlewares/Third_Party/FatFs/ff.o
 .text.dir_alloc
                0x0000000008007d34       0x8e ./Middlewares/Third_Party/FatFs/ff.o
 .text.ld_clust
                0x0000000008007dc2       0x3e ./Middlewares/Third_Party/FatFs/ff.o
 .text.st_clust
                0x0000000008007e00       0x40 ./Middlewares/Third_Party/FatFs/ff.o
 .text.dir_find
                0x0000000008007e40       0xaa ./Middlewares/Third_Party/FatFs/ff.o
 .text.dir_register
                0x0000000008007eea       0x64 ./Middlewares/Third_Party/FatFs/ff.o
 *fill*         0x0000000008007f4e        0x2 
 .text.create_name
                0x0000000008007f50      0x128 ./Middlewares/Third_Party/FatFs/ff.o
 .text.follow_path
                0x0000000008008078       0xe2 ./Middlewares/Third_Party/FatFs/ff.o
 .text.get_ldnumber
                0x000000000800815a       0x88 ./Middlewares/Third_Party/FatFs/ff.o
 *fill*         0x00000000080081e2        0x2 
 .text.check_fs
                0x00000000080081e4       0xac ./Middlewares/Third_Party/FatFs/ff.o
 .text.find_volume
                0x0000000008008290      0x498 ./Middlewares/Third_Party/FatFs/ff.o
 .text.validate
                0x0000000008008728       0x6a ./Middlewares/Third_Party/FatFs/ff.o
 *fill*         0x0000000008008792        0x2 
 .text.f_mount  0x0000000008008794       0x8c ./Middlewares/Third_Party/FatFs/ff.o
                0x0000000008008794                f_mount
 .text.f_open   0x0000000008008820      0x37c ./Middlewares/Third_Party/FatFs/ff.o
                0x0000000008008820                f_open
 .text.f_write  0x0000000008008b9c      0x2ea ./Middlewares/Third_Party/FatFs/ff.o
                0x0000000008008b9c                f_write
 .text.f_sync   0x0000000008008e86       0xfc ./Middlewares/Third_Party/FatFs/ff.o
                0x0000000008008e86                f_sync
 .text.f_close  0x0000000008008f82       0x54 ./Middlewares/Third_Party/FatFs/ff.o
                0x0000000008008f82                f_close
 *fill*         0x0000000008008fd6        0x2 
 .text.f_mkfs   0x0000000008008fd8      0x858 ./Middlewares/Third_Party/FatFs/ff.o
                0x0000000008008fd8                f_mkfs
 .text.FATFS_LinkDriverEx
                0x0000000008009830       0x98 ./Middlewares/Third_Party/FatFs/ff_gen_drv.o
                0x0000000008009830                FATFS_LinkDriverEx
 .text.FATFS_LinkDriver
                0x00000000080098c8       0x1e ./Middlewares/Third_Party/FatFs/ff_gen_drv.o
                0x00000000080098c8                FATFS_LinkDriver
 *fill*         0x00000000080098e6        0x2 
 .text.__libc_init_array
                0x00000000080098e8       0x48 c:/st/stm32cubeide_1.6.0/stm32cubeide/plugins/com.st.stm32cube.ide.mcu.externaltools.gnu-tools-for-stm32.9-2020-q2-update.win32_2.0.0.202105311346/tools/bin/../lib/gcc/arm-none-eabi/9.3.1/../../../../arm-none-eabi/lib/thumb/v7e-m+dp/hard\libc_nano.a(lib_a-init.o)
                0x00000000080098e8                __libc_init_array
 .text.memset   0x0000000008009930       0x10 c:/st/stm32cubeide_1.6.0/stm32cubeide/plugins/com.st.stm32cube.ide.mcu.externaltools.gnu-tools-for-stm32.9-2020-q2-update.win32_2.0.0.202105311346/tools/bin/../lib/gcc/arm-none-eabi/9.3.1/../../../../arm-none-eabi/lib/thumb/v7e-m+dp/hard\libc_nano.a(lib_a-memset.o)
                0x0000000008009930                memset
 *(.glue_7)
 .glue_7        0x0000000008009940        0x0 linker stubs
 *(.glue_7t)
 .glue_7t       0x0000000008009940        0x0 linker stubs
 *(.eh_frame)
 .eh_frame      0x0000000008009940        0x0 c:/st/stm32cubeide_1.6.0/stm32cubeide/plugins/com.st.stm32cube.ide.mcu.externaltools.gnu-tools-for-stm32.9-2020-q2-update.win32_2.0.0.202105311346/tools/bin/../lib/gcc/arm-none-eabi/9.3.1/thumb/v7e-m+dp/hard/crtbegin.o
 *(.init)
 .init          0x0000000008009940        0x4 c:/st/stm32cubeide_1.6.0/stm32cubeide/plugins/com.st.stm32cube.ide.mcu.externaltools.gnu-tools-for-stm32.9-2020-q2-update.win32_2.0.0.202105311346/tools/bin/../lib/gcc/arm-none-eabi/9.3.1/thumb/v7e-m+dp/hard/crti.o
                0x0000000008009940                _init
 .init          0x0000000008009944        0x8 c:/st/stm32cubeide_1.6.0/stm32cubeide/plugins/com.st.stm32cube.ide.mcu.externaltools.gnu-tools-for-stm32.9-2020-q2-update.win32_2.0.0.202105311346/tools/bin/../lib/gcc/arm-none-eabi/9.3.1/thumb/v7e-m+dp/hard/crtn.o
 *(.fini)
 .fini          0x000000000800994c        0x4 c:/st/stm32cubeide_1.6.0/stm32cubeide/plugins/com.st.stm32cube.ide.mcu.externaltools.gnu-tools-for-stm32.9-2020-q2-update.win32_2.0.0.202105311346/tools/bin/../lib/gcc/arm-none-eabi/9.3.1/thumb/v7e-m+dp/hard/crti.o
                0x000000000800994c                _fini
 .fini          0x0000000008009950        0x8 c:/st/stm32cubeide_1.6.0/stm32cubeide/plugins/com.st.stm32cube.ide.mcu.externaltools.gnu-tools-for-stm32.9-2020-q2-update.win32_2.0.0.202105311346/tools/bin/../lib/gcc/arm-none-eabi/9.3.1/thumb/v7e-m+dp/hard/crtn.o
                0x0000000008009958                . = ALIGN (0x4)
                0x0000000008009958                _etext = .

.vfp11_veneer   0x0000000008009958        0x0
 .vfp11_veneer  0x0000000008009958        0x0 linker stubs

.v4_bx          0x0000000008009958        0x0
 .v4_bx         0x0000000008009958        0x0 linker stubs

.iplt           0x0000000008009958        0x0
 .iplt          0x0000000008009958        0x0 c:/st/stm32cubeide_1.6.0/stm32cubeide/plugins/com.st.stm32cube.ide.mcu.externaltools.gnu-tools-for-stm32.9-2020-q2-update.win32_2.0.0.202105311346/tools/bin/../lib/gcc/arm-none-eabi/9.3.1/thumb/v7e-m+dp/hard/crtbegin.o

.rodata         0x0000000008009958      0x134
                0x0000000008009958                . = ALIGN (0x4)
 *(.rodata)
 .rodata        0x0000000008009958       0x29 ./Core/Src/main.o
 *fill*         0x0000000008009981        0x3 
 .rodata        0x0000000008009984       0x44 ./Middlewares/Third_Party/FatFs/ff.o
 *(.rodata*)
 .rodata.D1CorePrescTable
                0x00000000080099c8       0x10 ./Common/Src/system_stm32h7xx_dualcore_boot_cm4_cm7.o
                0x00000000080099c8                D1CorePrescTable
 .rodata.SD_Driver
                0x00000000080099d8       0x14 ./FATFS/Target/sd_diskio.o
                0x00000000080099d8                SD_Driver
 .rodata.ExCvt  0x00000000080099ec       0x80 ./Middlewares/Third_Party/FatFs/ff.o
 .rodata.cst32.11838
                0x0000000008009a6c        0xe ./Middlewares/Third_Party/FatFs/ff.o
 *fill*         0x0000000008009a7a        0x2 
 .rodata.cst.11837
                0x0000000008009a7c        0xe ./Middlewares/Third_Party/FatFs/ff.o
                0x0000000008009a8c                . = ALIGN (0x4)
 *fill*         0x0000000008009a8a        0x2 

.rel.dyn        0x0000000008009a8c        0x0
 .rel.iplt      0x0000000008009a8c        0x0 c:/st/stm32cubeide_1.6.0/stm32cubeide/plugins/com.st.stm32cube.ide.mcu.externaltools.gnu-tools-for-stm32.9-2020-q2-update.win32_2.0.0.202105311346/tools/bin/../lib/gcc/arm-none-eabi/9.3.1/thumb/v7e-m+dp/hard/crtbegin.o

.ARM.extab      0x0000000008009a8c        0x0
                0x0000000008009a8c                . = ALIGN (0x4)
 *(.ARM.extab* .gnu.linkonce.armextab.*)
                0x0000000008009a8c                . = ALIGN (0x4)

.ARM            0x0000000008009a8c        0x0
                0x0000000008009a8c                . = ALIGN (0x4)
                0x0000000008009a8c                __exidx_start = .
 *(.ARM.exidx*)
                0x0000000008009a8c                __exidx_end = .
                0x0000000008009a8c                . = ALIGN (0x4)

.preinit_array  0x0000000008009a8c        0x0
                0x0000000008009a8c                . = ALIGN (0x4)
                0x0000000008009a8c                PROVIDE (__preinit_array_start = .)
 *(.preinit_array*)
                0x0000000008009a8c                PROVIDE (__preinit_array_end = .)
                0x0000000008009a8c                . = ALIGN (0x4)

.init_array     0x0000000008009a8c        0x4
                0x0000000008009a8c                . = ALIGN (0x4)
                0x0000000008009a8c                PROVIDE (__init_array_start = .)
 *(SORT_BY_NAME(.init_array.*))
 *(.init_array*)
 .init_array    0x0000000008009a8c        0x4 c:/st/stm32cubeide_1.6.0/stm32cubeide/plugins/com.st.stm32cube.ide.mcu.externaltools.gnu-tools-for-stm32.9-2020-q2-update.win32_2.0.0.202105311346/tools/bin/../lib/gcc/arm-none-eabi/9.3.1/thumb/v7e-m+dp/hard/crtbegin.o
                0x0000000008009a90                PROVIDE (__init_array_end = .)
                0x0000000008009a90                . = ALIGN (0x4)

.fini_array     0x0000000008009a90        0x4
                0x0000000008009a90                . = ALIGN (0x4)
                [!provide]                        PROVIDE (__fini_array_start = .)
 *(SORT_BY_NAME(.fini_array.*))
 *(.fini_array*)
 .fini_array    0x0000000008009a90        0x4 c:/st/stm32cubeide_1.6.0/stm32cubeide/plugins/com.st.stm32cube.ide.mcu.externaltools.gnu-tools-for-stm32.9-2020-q2-update.win32_2.0.0.202105311346/tools/bin/../lib/gcc/arm-none-eabi/9.3.1/thumb/v7e-m+dp/hard/crtbegin.o
                [!provide]                        PROVIDE (__fini_array_end = .)
                0x0000000008009a94                . = ALIGN (0x4)
                0x0000000008009a94                _sidata = LOADADDR (.data)

.data           0x0000000024000000       0x10 load address 0x0000000008009a94
                0x0000000024000000                . = ALIGN (0x4)
                0x0000000024000000                _sdata = .
 *(.data)
 *(.data*)
 .data.SystemCoreClock
                0x0000000024000000        0x4 ./Common/Src/system_stm32h7xx_dualcore_boot_cm4_cm7.o
                0x0000000024000000                SystemCoreClock
 .data.SystemD2Clock
                0x0000000024000004        0x4 ./Common/Src/system_stm32h7xx_dualcore_boot_cm4_cm7.o
                0x0000000024000004                SystemD2Clock
 .data.uwTickPrio
                0x0000000024000008        0x4 ./Drivers/STM32H7xx_HAL_Driver/stm32h7xx_hal.o
                0x0000000024000008                uwTickPrio
 .data.uwTickFreq
                0x000000002400000c        0x1 ./Drivers/STM32H7xx_HAL_Driver/stm32h7xx_hal.o
                0x000000002400000c                uwTickFreq
 .data.Stat     0x000000002400000d        0x1 ./FATFS/Target/sd_diskio.o
 *(.RamFunc)
 *(.RamFunc*)
                0x0000000024000010                . = ALIGN (0x4)
 *fill*         0x000000002400000e        0x2 
                0x0000000024000010                _edata = .

.igot.plt       0x0000000024000010        0x0 load address 0x0000000008009aa4
 .igot.plt      0x0000000024000010        0x0 c:/st/stm32cubeide_1.6.0/stm32cubeide/plugins/com.st.stm32cube.ide.mcu.externaltools.gnu-tools-for-stm32.9-2020-q2-update.win32_2.0.0.202105311346/tools/bin/../lib/gcc/arm-none-eabi/9.3.1/thumb/v7e-m+dp/hard/crtbegin.o
                0x0000000024000010                . = ALIGN (0x4)

.bss            0x0000000024000010      0x540 load address 0x0000000008009aa4
                0x0000000024000010                _sbss = .
                0x0000000024000010                __bss_start__ = _sbss
 *(.bss)
 .bss           0x0000000024000010       0x1c c:/st/stm32cubeide_1.6.0/stm32cubeide/plugins/com.st.stm32cube.ide.mcu.externaltools.gnu-tools-for-stm32.9-2020-q2-update.win32_2.0.0.202105311346/tools/bin/../lib/gcc/arm-none-eabi/9.3.1/thumb/v7e-m+dp/hard/crtbegin.o
 *(.bss*)
 .bss.WriteStatus
                0x000000002400002c        0x4 ./FATFS/Target/sd_diskio.o
 .bss.ReadStatus
                0x0000000024000030        0x4 ./FATFS/Target/sd_diskio.o
 .bss.FatFs     0x0000000024000034        0x4 ./Middlewares/Third_Party/FatFs/ff.o
 .bss.Fsid      0x0000000024000038        0x2 ./Middlewares/Third_Party/FatFs/ff.o
 *fill*         0x000000002400003a        0x2 
 .bss.Files     0x000000002400003c       0x20 ./Middlewares/Third_Party/FatFs/ff.o
 .bss.disk      0x000000002400005c        0xc ./Middlewares/Third_Party/FatFs/ff_gen_drv.o
                0x000000002400005c                disk
 *(COMMON)
 COMMON         0x0000000024000068       0x7c ./Core/Src/main.o
                0x0000000024000068                hsd1
 COMMON         0x00000000240000e4        0x4 ./Drivers/STM32H7xx_HAL_Driver/stm32h7xx_hal.o
                0x00000000240000e4                uwTick
 COMMON         0x00000000240000e8      0x468 ./FATFS/App/fatfs.o
                0x00000000240000e8                retSD
                0x00000000240000ec                SDPath
                0x00000000240000f0                SDFile
                0x0000000024000320                SDFatFS
                0x0000000024000550                . = ALIGN (0x4)
                0x0000000024000550                _ebss = .
                0x0000000024000550                __bss_end__ = _ebss

._user_heap_stack
                0x0000000024000550      0xc00 load address 0x0000000008009aa4
                0x0000000024000550                . = ALIGN (0x8)
                [!provide]                        PROVIDE (end = .)
                0x0000000024000550                PROVIDE (_end = .)
                0x0000000024000950                . = (. + _Min_Heap_Size)
 *fill*         0x0000000024000550      0x400 
                0x0000000024001150                . = (. + _Min_Stack_Size)
 *fill*         0x0000000024000950      0x800 
                0x0000000024001150                . = ALIGN (0x8)

/DISCARD/
 libc.a(*)
 libm.a(*)
 libgcc.a(*)

.ARM.attributes
                0x0000000000000000       0x2e
 *(.ARM.attributes)
 .ARM.attributes
                0x0000000000000000       0x1e c:/st/stm32cubeide_1.6.0/stm32cubeide/plugins/com.st.stm32cube.ide.mcu.externaltools.gnu-tools-for-stm32.9-2020-q2-update.win32_2.0.0.202105311346/tools/bin/../lib/gcc/arm-none-eabi/9.3.1/thumb/v7e-m+dp/hard/crti.o
 .ARM.attributes
                0x000000000000001e       0x32 c:/st/stm32cubeide_1.6.0/stm32cubeide/plugins/com.st.stm32cube.ide.mcu.externaltools.gnu-tools-for-stm32.9-2020-q2-update.win32_2.0.0.202105311346/tools/bin/../lib/gcc/arm-none-eabi/9.3.1/thumb/v7e-m+dp/hard/crtbegin.o
 .ARM.attributes
                0x0000000000000050       0x32 ./Common/Src/system_stm32h7xx_dualcore_boot_cm4_cm7.o
 .ARM.attributes
                0x0000000000000082       0x32 ./Core/Src/main.o
 .ARM.attributes
                0x00000000000000b4       0x32 ./Core/Src/stm32h7xx_hal_msp.o
 .ARM.attributes
                0x00000000000000e6       0x32 ./Core/Src/stm32h7xx_it.o
 .ARM.attributes
                0x0000000000000118       0x21 ./Core/Startup/startup_stm32h747xihx.o
 .ARM.attributes
                0x0000000000000139       0x32 ./Drivers/STM32H7xx_HAL_Driver/stm32h7xx_hal.o
 .ARM.attributes
                0x000000000000016b       0x32 ./Drivers/STM32H7xx_HAL_Driver/stm32h7xx_hal_cortex.o
 .ARM.attributes
                0x000000000000019d       0x32 ./Drivers/STM32H7xx_HAL_Driver/stm32h7xx_hal_gpio.o
 .ARM.attributes
                0x00000000000001cf       0x32 ./Drivers/STM32H7xx_HAL_Driver/stm32h7xx_hal_hsem.o
 .ARM.attributes
                0x0000000000000201       0x32 ./Drivers/STM32H7xx_HAL_Driver/stm32h7xx_hal_pwr_ex.o
 .ARM.attributes
                0x0000000000000233       0x32 ./Drivers/STM32H7xx_HAL_Driver/stm32h7xx_hal_rcc.o
 .ARM.attributes
                0x0000000000000265       0x32 ./Drivers/STM32H7xx_HAL_Driver/stm32h7xx_hal_rcc_ex.o
 .ARM.attributes
                0x0000000000000297       0x32 ./Drivers/STM32H7xx_HAL_Driver/stm32h7xx_hal_sd.o
 .ARM.attributes
                0x00000000000002c9       0x32 ./Drivers/STM32H7xx_HAL_Driver/stm32h7xx_ll_sdmmc.o
 .ARM.attributes
                0x00000000000002fb       0x32 ./FATFS/App/fatfs.o
 .ARM.attributes
                0x000000000000032d       0x32 ./FATFS/Target/bsp_driver_sd.o
 .ARM.attributes
                0x000000000000035f       0x32 ./FATFS/Target/fatfs_platform.o
 .ARM.attributes
                0x0000000000000391       0x32 ./FATFS/Target/sd_diskio.o
 .ARM.attributes
                0x00000000000003c3       0x32 ./Middlewares/Third_Party/FatFs/diskio.o
 .ARM.attributes
                0x00000000000003f5       0x32 ./Middlewares/Third_Party/FatFs/ff.o
 .ARM.attributes
                0x0000000000000427       0x32 ./Middlewares/Third_Party/FatFs/ff_gen_drv.o
 .ARM.attributes
                0x0000000000000459       0x32 c:/st/stm32cubeide_1.6.0/stm32cubeide/plugins/com.st.stm32cube.ide.mcu.externaltools.gnu-tools-for-stm32.9-2020-q2-update.win32_2.0.0.202105311346/tools/bin/../lib/gcc/arm-none-eabi/9.3.1/../../../../arm-none-eabi/lib/thumb/v7e-m+dp/hard\libc_nano.a(lib_a-init.o)
 .ARM.attributes
                0x000000000000048b       0x32 c:/st/stm32cubeide_1.6.0/stm32cubeide/plugins/com.st.stm32cube.ide.mcu.externaltools.gnu-tools-for-stm32.9-2020-q2-update.win32_2.0.0.202105311346/tools/bin/../lib/gcc/arm-none-eabi/9.3.1/../../../../arm-none-eabi/lib/thumb/v7e-m+dp/hard\libc_nano.a(lib_a-memset.o)
 .ARM.attributes
                0x00000000000004bd       0x17 c:/st/stm32cubeide_1.6.0/stm32cubeide/plugins/com.st.stm32cube.ide.mcu.externaltools.gnu-tools-for-stm32.9-2020-q2-update.win32_2.0.0.202105311346/tools/bin/../lib/gcc/arm-none-eabi/9.3.1/../../../../arm-none-eabi/lib/thumb/v7e-m+dp/hard\libc_nano.a(lib_a-strlen.o)
 .ARM.attributes
                0x00000000000004d4       0x1e c:/st/stm32cubeide_1.6.0/stm32cubeide/plugins/com.st.stm32cube.ide.mcu.externaltools.gnu-tools-for-stm32.9-2020-q2-update.win32_2.0.0.202105311346/tools/bin/../lib/gcc/arm-none-eabi/9.3.1/thumb/v7e-m+dp/hard/crtn.o
OUTPUT(SDcard_CM7.elf elf32-littlearm)
LOAD linker stubs
LOAD c:/st/stm32cubeide_1.6.0/stm32cubeide/plugins/com.st.stm32cube.ide.mcu.externaltools.gnu-tools-for-stm32.9-2020-q2-update.win32_2.0.0.202105311346/tools/bin/../lib/gcc/arm-none-eabi/9.3.1/../../../../arm-none-eabi/lib/thumb/v7e-m+dp/hard\libc.a
LOAD c:/st/stm32cubeide_1.6.0/stm32cubeide/plugins/com.st.stm32cube.ide.mcu.externaltools.gnu-tools-for-stm32.9-2020-q2-update.win32_2.0.0.202105311346/tools/bin/../lib/gcc/arm-none-eabi/9.3.1/../../../../arm-none-eabi/lib/thumb/v7e-m+dp/hard\libm.a
LOAD c:/st/stm32cubeide_1.6.0/stm32cubeide/plugins/com.st.stm32cube.ide.mcu.externaltools.gnu-tools-for-stm32.9-2020-q2-update.win32_2.0.0.202105311346/tools/bin/../lib/gcc/arm-none-eabi/9.3.1/thumb/v7e-m+dp/hard\libgcc.a

.debug_info     0x0000000000000000    0x1e3c8
 .debug_info    0x0000000000000000     0x180b ./Common/Src/system_stm32h7xx_dualcore_boot_cm4_cm7.o
 .debug_info    0x000000000000180b     0x1f1d ./Core/Src/main.o
 .debug_info    0x0000000000003728     0x1b7c ./Core/Src/stm32h7xx_hal_msp.o
 .debug_info    0x00000000000052a4      0xfc8 ./Core/Src/stm32h7xx_it.o
 .debug_info    0x000000000000626c       0x22 ./Core/Startup/startup_stm32h747xihx.o
 .debug_info    0x000000000000628e     0x21b3 ./Drivers/STM32H7xx_HAL_Driver/stm32h7xx_hal.o
 .debug_info    0x0000000000008441     0x1bf8 ./Drivers/STM32H7xx_HAL_Driver/stm32h7xx_hal_cortex.o
 .debug_info    0x000000000000a039     0x1877 ./Drivers/STM32H7xx_HAL_Driver/stm32h7xx_hal_gpio.o
 .debug_info    0x000000000000b8b0      0xe94 ./Drivers/STM32H7xx_HAL_Driver/stm32h7xx_hal_hsem.o
 .debug_info    0x000000000000c744     0x1d1e ./Drivers/STM32H7xx_HAL_Driver/stm32h7xx_hal_pwr_ex.o
 .debug_info    0x000000000000e462     0x1928 ./Drivers/STM32H7xx_HAL_Driver/stm32h7xx_hal_rcc.o
 .debug_info    0x000000000000fd8a     0x1daf ./Drivers/STM32H7xx_HAL_Driver/stm32h7xx_hal_rcc_ex.o
 .debug_info    0x0000000000011b39     0x2243 ./Drivers/STM32H7xx_HAL_Driver/stm32h7xx_hal_sd.o
 .debug_info    0x0000000000013d7c     0x1d2c ./Drivers/STM32H7xx_HAL_Driver/stm32h7xx_ll_sdmmc.o
 .debug_info    0x0000000000015aa8      0xf87 ./FATFS/App/fatfs.o
 .debug_info    0x0000000000016a2f     0x1263 ./FATFS/Target/bsp_driver_sd.o
 .debug_info    0x0000000000017c92      0xc44 ./FATFS/Target/fatfs_platform.o
 .debug_info    0x00000000000188d6      0xfc5 ./FATFS/Target/sd_diskio.o
 .debug_info    0x000000000001989b      0xec6 ./Middlewares/Third_Party/FatFs/diskio.o
 .debug_info    0x000000000001a761     0x2e10 ./Middlewares/Third_Party/FatFs/ff.o
 .debug_info    0x000000000001d571      0xe57 ./Middlewares/Third_Party/FatFs/ff_gen_drv.o

.debug_abbrev   0x0000000000000000     0x3849
 .debug_abbrev  0x0000000000000000      0x262 ./Common/Src/system_stm32h7xx_dualcore_boot_cm4_cm7.o
 .debug_abbrev  0x0000000000000262      0x351 ./Core/Src/main.o
 .debug_abbrev  0x00000000000005b3      0x256 ./Core/Src/stm32h7xx_hal_msp.o
 .debug_abbrev  0x0000000000000809      0x20f ./Core/Src/stm32h7xx_it.o
 .debug_abbrev  0x0000000000000a18       0x12 ./Core/Startup/startup_stm32h747xihx.o
 .debug_abbrev  0x0000000000000a2a      0x31b ./Drivers/STM32H7xx_HAL_Driver/stm32h7xx_hal.o
 .debug_abbrev  0x0000000000000d45      0x409 ./Drivers/STM32H7xx_HAL_Driver/stm32h7xx_hal_cortex.o
 .debug_abbrev  0x000000000000114e      0x2cb ./Drivers/STM32H7xx_HAL_Driver/stm32h7xx_hal_gpio.o
 .debug_abbrev  0x0000000000001419      0x2e9 ./Drivers/STM32H7xx_HAL_Driver/stm32h7xx_hal_hsem.o
 .debug_abbrev  0x0000000000001702      0x37d ./Drivers/STM32H7xx_HAL_Driver/stm32h7xx_hal_pwr_ex.o
 .debug_abbrev  0x0000000000001a7f      0x322 ./Drivers/STM32H7xx_HAL_Driver/stm32h7xx_hal_rcc.o
 .debug_abbrev  0x0000000000001da1      0x31d ./Drivers/STM32H7xx_HAL_Driver/stm32h7xx_hal_rcc_ex.o
 .debug_abbrev  0x00000000000020be      0x2ee ./Drivers/STM32H7xx_HAL_Driver/stm32h7xx_hal_sd.o
 .debug_abbrev  0x00000000000023ac      0x2d3 ./Drivers/STM32H7xx_HAL_Driver/stm32h7xx_ll_sdmmc.o
 .debug_abbrev  0x000000000000267f      0x227 ./FATFS/App/fatfs.o
 .debug_abbrev  0x00000000000028a6      0x2e5 ./FATFS/Target/bsp_driver_sd.o
 .debug_abbrev  0x0000000000002b8b      0x1f7 ./FATFS/Target/fatfs_platform.o
 .debug_abbrev  0x0000000000002d82      0x2de ./FATFS/Target/sd_diskio.o
 .debug_abbrev  0x0000000000003060      0x255 ./Middlewares/Third_Party/FatFs/diskio.o
 .debug_abbrev  0x00000000000032b5      0x30e ./Middlewares/Third_Party/FatFs/ff.o
 .debug_abbrev  0x00000000000035c3      0x286 ./Middlewares/Third_Party/FatFs/ff_gen_drv.o

.debug_aranges  0x0000000000000000      0xee0
 .debug_aranges
                0x0000000000000000       0x28 ./Common/Src/system_stm32h7xx_dualcore_boot_cm4_cm7.o
 .debug_aranges
                0x0000000000000028       0x40 ./Core/Src/main.o
 .debug_aranges
                0x0000000000000068       0x30 ./Core/Src/stm32h7xx_hal_msp.o
 .debug_aranges
                0x0000000000000098       0x68 ./Core/Src/stm32h7xx_it.o
 .debug_aranges
                0x0000000000000100       0x28 ./Core/Startup/startup_stm32h747xihx.o
 .debug_aranges
                0x0000000000000128      0x200 ./Drivers/STM32H7xx_HAL_Driver/stm32h7xx_hal.o
 .debug_aranges
                0x0000000000000328      0x120 ./Drivers/STM32H7xx_HAL_Driver/stm32h7xx_hal_cortex.o
 .debug_aranges
                0x0000000000000448       0x58 ./Drivers/STM32H7xx_HAL_Driver/stm32h7xx_hal_gpio.o
 .debug_aranges
                0x00000000000004a0       0x70 ./Drivers/STM32H7xx_HAL_Driver/stm32h7xx_hal_hsem.o
 .debug_aranges
                0x0000000000000510      0x170 ./Drivers/STM32H7xx_HAL_Driver/stm32h7xx_hal_pwr_ex.o
 .debug_aranges
                0x0000000000000680       0x88 ./Drivers/STM32H7xx_HAL_Driver/stm32h7xx_hal_rcc.o
 .debug_aranges
                0x0000000000000708      0x100 ./Drivers/STM32H7xx_HAL_Driver/stm32h7xx_hal_rcc_ex.o
 .debug_aranges
                0x0000000000000808      0x170 ./Drivers/STM32H7xx_HAL_Driver/stm32h7xx_hal_sd.o
 .debug_aranges
                0x0000000000000978      0x198 ./Drivers/STM32H7xx_HAL_Driver/stm32h7xx_ll_sdmmc.o
 .debug_aranges
                0x0000000000000b10       0x28 ./FATFS/App/fatfs.o
 .debug_aranges
                0x0000000000000b38       0x98 ./FATFS/Target/bsp_driver_sd.o
 .debug_aranges
                0x0000000000000bd0       0x20 ./FATFS/Target/fatfs_platform.o
 .debug_aranges
                0x0000000000000bf0       0x60 ./FATFS/Target/sd_diskio.o
 .debug_aranges
                0x0000000000000c50       0x48 ./Middlewares/Third_Party/FatFs/diskio.o
 .debug_aranges
                0x0000000000000c98      0x208 ./Middlewares/Third_Party/FatFs/ff.o
 .debug_aranges
                0x0000000000000ea0       0x40 ./Middlewares/Third_Party/FatFs/ff_gen_drv.o

.debug_ranges   0x0000000000000000      0xd98
 .debug_ranges  0x0000000000000000       0x18 ./Common/Src/system_stm32h7xx_dualcore_boot_cm4_cm7.o
 .debug_ranges  0x0000000000000018       0x30 ./Core/Src/main.o
 .debug_ranges  0x0000000000000048       0x20 ./Core/Src/stm32h7xx_hal_msp.o
 .debug_ranges  0x0000000000000068       0x58 ./Core/Src/stm32h7xx_it.o
 .debug_ranges  0x00000000000000c0       0x20 ./Core/Startup/startup_stm32h747xihx.o
 .debug_ranges  0x00000000000000e0      0x1f0 ./Drivers/STM32H7xx_HAL_Driver/stm32h7xx_hal.o
 .debug_ranges  0x00000000000002d0      0x110 ./Drivers/STM32H7xx_HAL_Driver/stm32h7xx_hal_cortex.o
 .debug_ranges  0x00000000000003e0       0x48 ./Drivers/STM32H7xx_HAL_Driver/stm32h7xx_hal_gpio.o
 .debug_ranges  0x0000000000000428       0x60 ./Drivers/STM32H7xx_HAL_Driver/stm32h7xx_hal_hsem.o
 .debug_ranges  0x0000000000000488      0x160 ./Drivers/STM32H7xx_HAL_Driver/stm32h7xx_hal_pwr_ex.o
 .debug_ranges  0x00000000000005e8       0x78 ./Drivers/STM32H7xx_HAL_Driver/stm32h7xx_hal_rcc.o
 .debug_ranges  0x0000000000000660       0xf0 ./Drivers/STM32H7xx_HAL_Driver/stm32h7xx_hal_rcc_ex.o
 .debug_ranges  0x0000000000000750      0x160 ./Drivers/STM32H7xx_HAL_Driver/stm32h7xx_hal_sd.o
 .debug_ranges  0x00000000000008b0      0x188 ./Drivers/STM32H7xx_HAL_Driver/stm32h7xx_ll_sdmmc.o
 .debug_ranges  0x0000000000000a38       0x18 ./FATFS/App/fatfs.o
 .debug_ranges  0x0000000000000a50       0x88 ./FATFS/Target/bsp_driver_sd.o
 .debug_ranges  0x0000000000000ad8       0x10 ./FATFS/Target/fatfs_platform.o
 .debug_ranges  0x0000000000000ae8       0x50 ./FATFS/Target/sd_diskio.o
 .debug_ranges  0x0000000000000b38       0x38 ./Middlewares/Third_Party/FatFs/diskio.o
 .debug_ranges  0x0000000000000b70      0x1f8 ./Middlewares/Third_Party/FatFs/ff.o
 .debug_ranges  0x0000000000000d68       0x30 ./Middlewares/Third_Party/FatFs/ff_gen_drv.o

.debug_macro    0x0000000000000000    0x3fd39
 .debug_macro   0x0000000000000000      0x2b3 ./Common/Src/system_stm32h7xx_dualcore_boot_cm4_cm7.o
 .debug_macro   0x00000000000002b3      0xac6 ./Common/Src/system_stm32h7xx_dualcore_boot_cm4_cm7.o
 .debug_macro   0x0000000000000d79       0x2e ./Common/Src/system_stm32h7xx_dualcore_boot_cm4_cm7.o
 .debug_macro   0x0000000000000da7       0x49 ./Common/Src/system_stm32h7xx_dualcore_boot_cm4_cm7.o
 .debug_macro   0x0000000000000df0       0x22 ./Common/Src/system_stm32h7xx_dualcore_boot_cm4_cm7.o
 .debug_macro   0x0000000000000e12       0x8e ./Common/Src/system_stm32h7xx_dualcore_boot_cm4_cm7.o
 .debug_macro   0x0000000000000ea0       0x51 ./Common/Src/system_stm32h7xx_dualcore_boot_cm4_cm7.o
 .debug_macro   0x0000000000000ef1      0x103 ./Common/Src/system_stm32h7xx_dualcore_boot_cm4_cm7.o
 .debug_macro   0x0000000000000ff4       0x6a ./Common/Src/system_stm32h7xx_dualcore_boot_cm4_cm7.o
 .debug_macro   0x000000000000105e      0x1df ./Common/Src/system_stm32h7xx_dualcore_boot_cm4_cm7.o
 .debug_macro   0x000000000000123d       0x1c ./Common/Src/system_stm32h7xx_dualcore_boot_cm4_cm7.o
 .debug_macro   0x0000000000001259       0x22 ./Common/Src/system_stm32h7xx_dualcore_boot_cm4_cm7.o
 .debug_macro   0x000000000000127b      0x101 ./Common/Src/system_stm32h7xx_dualcore_boot_cm4_cm7.o
 .debug_macro   0x000000000000137c     0x1305 ./Common/Src/system_stm32h7xx_dualcore_boot_cm4_cm7.o
 .debug_macro   0x0000000000002681      0x11f ./Common/Src/system_stm32h7xx_dualcore_boot_cm4_cm7.o
 .debug_macro   0x00000000000027a0       0x27 ./Common/Src/system_stm32h7xx_dualcore_boot_cm4_cm7.o
 .debug_macro   0x00000000000027c7    0x2c269 ./Common/Src/system_stm32h7xx_dualcore_boot_cm4_cm7.o
 .debug_macro   0x000000000002ea30       0x43 ./Common/Src/system_stm32h7xx_dualcore_boot_cm4_cm7.o
 .debug_macro   0x000000000002ea73      0x232 ./Common/Src/system_stm32h7xx_dualcore_boot_cm4_cm7.o
 .debug_macro   0x000000000002eca5     0x3cd3 ./Common/Src/system_stm32h7xx_dualcore_boot_cm4_cm7.o
 .debug_macro   0x0000000000032978      0x174 ./Common/Src/system_stm32h7xx_dualcore_boot_cm4_cm7.o
 .debug_macro   0x0000000000032aec       0x52 ./Common/Src/system_stm32h7xx_dualcore_boot_cm4_cm7.o
 .debug_macro   0x0000000000032b3e       0x17 ./Common/Src/system_stm32h7xx_dualcore_boot_cm4_cm7.o
 .debug_macro   0x0000000000032b55       0x3c ./Common/Src/system_stm32h7xx_dualcore_boot_cm4_cm7.o
 .debug_macro   0x0000000000032b91       0x34 ./Common/Src/system_stm32h7xx_dualcore_boot_cm4_cm7.o
 .debug_macro   0x0000000000032bc5       0x16 ./Common/Src/system_stm32h7xx_dualcore_boot_cm4_cm7.o
 .debug_macro   0x0000000000032bdb       0x43 ./Common/Src/system_stm32h7xx_dualcore_boot_cm4_cm7.o
 .debug_macro   0x0000000000032c1e       0x34 ./Common/Src/system_stm32h7xx_dualcore_boot_cm4_cm7.o
 .debug_macro   0x0000000000032c52       0x10 ./Common/Src/system_stm32h7xx_dualcore_boot_cm4_cm7.o
 .debug_macro   0x0000000000032c62       0x58 ./Common/Src/system_stm32h7xx_dualcore_boot_cm4_cm7.o
 .debug_macro   0x0000000000032cba       0x71 ./Common/Src/system_stm32h7xx_dualcore_boot_cm4_cm7.o
 .debug_macro   0x0000000000032d2b       0x1c ./Common/Src/system_stm32h7xx_dualcore_boot_cm4_cm7.o
 .debug_macro   0x0000000000032d47      0x12a ./Common/Src/system_stm32h7xx_dualcore_boot_cm4_cm7.o
 .debug_macro   0x0000000000032e71      0x333 ./Common/Src/system_stm32h7xx_dualcore_boot_cm4_cm7.o
 .debug_macro   0x00000000000331a4      0x1a9 ./Common/Src/system_stm32h7xx_dualcore_boot_cm4_cm7.o
 .debug_macro   0x000000000003334d       0x5d ./Common/Src/system_stm32h7xx_dualcore_boot_cm4_cm7.o
 .debug_macro   0x00000000000333aa     0x3ae3 ./Common/Src/system_stm32h7xx_dualcore_boot_cm4_cm7.o
 .debug_macro   0x0000000000036e8d     0x106b ./Common/Src/system_stm32h7xx_dualcore_boot_cm4_cm7.o
 .debug_macro   0x0000000000037ef8      0x14d ./Common/Src/system_stm32h7xx_dualcore_boot_cm4_cm7.o
 .debug_macro   0x0000000000038045      0x133 ./Common/Src/system_stm32h7xx_dualcore_boot_cm4_cm7.o
 .debug_macro   0x0000000000038178      0x3c5 ./Common/Src/system_stm32h7xx_dualcore_boot_cm4_cm7.o
 .debug_macro   0x000000000003853d       0x27 ./Common/Src/system_stm32h7xx_dualcore_boot_cm4_cm7.o
 .debug_macro   0x0000000000038564      0x72d ./Common/Src/system_stm32h7xx_dualcore_boot_cm4_cm7.o
 .debug_macro   0x0000000000038c91      0x229 ./Common/Src/system_stm32h7xx_dualcore_boot_cm4_cm7.o
 .debug_macro   0x0000000000038eba       0x66 ./Common/Src/system_stm32h7xx_dualcore_boot_cm4_cm7.o
 .debug_macro   0x0000000000038f20      0x3c9 ./Common/Src/system_stm32h7xx_dualcore_boot_cm4_cm7.o
 .debug_macro   0x00000000000392e9      0x408 ./Common/Src/system_stm32h7xx_dualcore_boot_cm4_cm7.o
 .debug_macro   0x00000000000396f1      0x27c ./Common/Src/system_stm32h7xx_dualcore_boot_cm4_cm7.o
 .debug_macro   0x000000000003996d      0x3cb ./Common/Src/system_stm32h7xx_dualcore_boot_cm4_cm7.o
 .debug_macro   0x0000000000039d38      0x4a2 ./Common/Src/system_stm32h7xx_dualcore_boot_cm4_cm7.o
 .debug_macro   0x000000000003a1da       0x51 ./Common/Src/system_stm32h7xx_dualcore_boot_cm4_cm7.o
 .debug_macro   0x000000000003a22b       0x4a ./Common/Src/system_stm32h7xx_dualcore_boot_cm4_cm7.o
 .debug_macro   0x000000000003a275      0x22c ./Common/Src/system_stm32h7xx_dualcore_boot_cm4_cm7.o
 .debug_macro   0x000000000003a4a1       0x67 ./Common/Src/system_stm32h7xx_dualcore_boot_cm4_cm7.o
 .debug_macro   0x000000000003a508       0xa5 ./Common/Src/system_stm32h7xx_dualcore_boot_cm4_cm7.o
 .debug_macro   0x000000000003a5ad      0x219 ./Common/Src/system_stm32h7xx_dualcore_boot_cm4_cm7.o
 .debug_macro   0x000000000003a7c6      0x2eb ./Common/Src/system_stm32h7xx_dualcore_boot_cm4_cm7.o
 .debug_macro   0x000000000003aab1       0x35 ./Common/Src/system_stm32h7xx_dualcore_boot_cm4_cm7.o
 .debug_macro   0x000000000003aae6      0x814 ./Common/Src/system_stm32h7xx_dualcore_boot_cm4_cm7.o
 .debug_macro   0x000000000003b2fa       0x16 ./Common/Src/system_stm32h7xx_dualcore_boot_cm4_cm7.o
 .debug_macro   0x000000000003b310      0x1ce ./Common/Src/system_stm32h7xx_dualcore_boot_cm4_cm7.o
 .debug_macro   0x000000000003b4de      0x798 ./Common/Src/system_stm32h7xx_dualcore_boot_cm4_cm7.o
 .debug_macro   0x000000000003bc76      0x362 ./Core/Src/main.o
 .debug_macro   0x000000000003bfd8       0x1c ./Core/Src/main.o
 .debug_macro   0x000000000003bff4       0x40 ./Core/Src/main.o
 .debug_macro   0x000000000003c034       0xe5 ./Core/Src/main.o
 .debug_macro   0x000000000003c119       0x16 ./Core/Src/main.o
 .debug_macro   0x000000000003c12f       0x35 ./Core/Src/main.o
 .debug_macro   0x000000000003c164       0x16 ./Core/Src/main.o
 .debug_macro   0x000000000003c17a       0x29 ./Core/Src/main.o
 .debug_macro   0x000000000003c1a3       0x12 ./Core/Src/main.o
 .debug_macro   0x000000000003c1b5       0xe2 ./Core/Src/main.o
 .debug_macro   0x000000000003c297       0x8e ./Core/Src/main.o
 .debug_macro   0x000000000003c325      0x2b7 ./Core/Src/stm32h7xx_hal_msp.o
 .debug_macro   0x000000000003c5dc      0x2c1 ./Core/Src/stm32h7xx_it.o
 .debug_macro   0x000000000003c89d      0x2d7 ./Drivers/STM32H7xx_HAL_Driver/stm32h7xx_hal.o
 .debug_macro   0x000000000003cb74      0x2ad ./Drivers/STM32H7xx_HAL_Driver/stm32h7xx_hal_cortex.o
 .debug_macro   0x000000000003ce21      0x2f7 ./Drivers/STM32H7xx_HAL_Driver/stm32h7xx_hal_gpio.o
 .debug_macro   0x000000000003d118      0x2bf ./Drivers/STM32H7xx_HAL_Driver/stm32h7xx_hal_hsem.o
 .debug_macro   0x000000000003d3d7      0x2e6 ./Drivers/STM32H7xx_HAL_Driver/stm32h7xx_hal_pwr_ex.o
 .debug_macro   0x000000000003d6bd      0x2d1 ./Drivers/STM32H7xx_HAL_Driver/stm32h7xx_hal_rcc.o
 .debug_macro   0x000000000003d98e      0x2cb ./Drivers/STM32H7xx_HAL_Driver/stm32h7xx_hal_rcc_ex.o
 .debug_macro   0x000000000003dc59      0x2ca ./Drivers/STM32H7xx_HAL_Driver/stm32h7xx_hal_sd.o
 .debug_macro   0x000000000003df23      0x2ae ./Drivers/STM32H7xx_HAL_Driver/stm32h7xx_ll_sdmmc.o
 .debug_macro   0x000000000003e1d1      0x35c ./FATFS/App/fatfs.o
 .debug_macro   0x000000000003e52d      0x2c5 ./FATFS/Target/bsp_driver_sd.o
 .debug_macro   0x000000000003e7f2      0x2b6 ./FATFS/Target/fatfs_platform.o
 .debug_macro   0x000000000003eaa8      0x38f ./FATFS/Target/sd_diskio.o
 .debug_macro   0x000000000003ee37       0x16 ./FATFS/Target/sd_diskio.o
 .debug_macro   0x000000000003ee4d       0x7c ./FATFS/Target/sd_diskio.o
 .debug_macro   0x000000000003eec9       0x16 ./FATFS/Target/sd_diskio.o
 .debug_macro   0x000000000003eedf       0x20 ./FATFS/Target/sd_diskio.o
 .debug_macro   0x000000000003eeff      0x349 ./Middlewares/Third_Party/FatFs/diskio.o
 .debug_macro   0x000000000003f248      0x750 ./Middlewares/Third_Party/FatFs/ff.o
 .debug_macro   0x000000000003f998       0x58 ./Middlewares/Third_Party/FatFs/ff.o
 .debug_macro   0x000000000003f9f0      0x349 ./Middlewares/Third_Party/FatFs/ff_gen_drv.o

.debug_line     0x0000000000000000    0x13e13
 .debug_line    0x0000000000000000      0xa68 ./Common/Src/system_stm32h7xx_dualcore_boot_cm4_cm7.o
 .debug_line    0x0000000000000a68      0xae6 ./Core/Src/main.o
 .debug_line    0x000000000000154e      0x8df ./Core/Src/stm32h7xx_hal_msp.o
 .debug_line    0x0000000000001e2d      0x940 ./Core/Src/stm32h7xx_it.o
 .debug_line    0x000000000000276d       0x88 ./Core/Startup/startup_stm32h747xihx.o
 .debug_line    0x00000000000027f5      0xfa2 ./Drivers/STM32H7xx_HAL_Driver/stm32h7xx_hal.o
 .debug_line    0x0000000000003797      0xe55 ./Drivers/STM32H7xx_HAL_Driver/stm32h7xx_hal_cortex.o
 .debug_line    0x00000000000045ec      0xd0e ./Drivers/STM32H7xx_HAL_Driver/stm32h7xx_hal_gpio.o
 .debug_line    0x00000000000052fa      0xa05 ./Drivers/STM32H7xx_HAL_Driver/stm32h7xx_hal_hsem.o
 .debug_line    0x0000000000005cff     0x1070 ./Drivers/STM32H7xx_HAL_Driver/stm32h7xx_hal_pwr_ex.o
 .debug_line    0x0000000000006d6f     0x138f ./Drivers/STM32H7xx_HAL_Driver/stm32h7xx_hal_rcc.o
 .debug_line    0x00000000000080fe     0x1b98 ./Drivers/STM32H7xx_HAL_Driver/stm32h7xx_hal_rcc_ex.o
 .debug_line    0x0000000000009c96     0x201d ./Drivers/STM32H7xx_HAL_Driver/stm32h7xx_hal_sd.o
 .debug_line    0x000000000000bcb3     0x1153 ./Drivers/STM32H7xx_HAL_Driver/stm32h7xx_ll_sdmmc.o
 .debug_line    0x000000000000ce06      0x94d ./FATFS/App/fatfs.o
 .debug_line    0x000000000000d753      0xa40 ./FATFS/Target/bsp_driver_sd.o
 .debug_line    0x000000000000e193      0x87b ./FATFS/Target/fatfs_platform.o
 .debug_line    0x000000000000ea0e      0xb5e ./FATFS/Target/sd_diskio.o
 .debug_line    0x000000000000f56c      0x9eb ./Middlewares/Third_Party/FatFs/diskio.o
 .debug_line    0x000000000000ff57     0x34b3 ./Middlewares/Third_Party/FatFs/ff.o
 .debug_line    0x000000000001340a      0xa09 ./Middlewares/Third_Party/FatFs/ff_gen_drv.o

.debug_str      0x0000000000000000   0x1929c4
 .debug_str     0x0000000000000000   0x18c939 ./Common/Src/system_stm32h7xx_dualcore_boot_cm4_cm7.o
                                     0x18ce8f (size before relaxing)
 .debug_str     0x000000000018c939     0x10d2 ./Core/Src/main.o
                                     0x18dc1f (size before relaxing)
 .debug_str     0x000000000018da0b      0xb56 ./Core/Src/stm32h7xx_hal_msp.o
                                     0x18d9c6 (size before relaxing)
 .debug_str     0x000000000018e561       0xcf ./Core/Src/stm32h7xx_it.o
                                     0x18cbd2 (size before relaxing)
 .debug_str     0x000000000018e630       0x36 ./Core/Startup/startup_stm32h747xihx.o
                                         0x73 (size before relaxing)
 .debug_str     0x000000000018e666      0x8fc ./Drivers/STM32H7xx_HAL_Driver/stm32h7xx_hal.o
                                     0x18de37 (size before relaxing)
 .debug_str     0x000000000018ef62      0x3db ./Drivers/STM32H7xx_HAL_Driver/stm32h7xx_hal_cortex.o
                                     0x18d76b (size before relaxing)
 .debug_str     0x000000000018f33d      0x264 ./Drivers/STM32H7xx_HAL_Driver/stm32h7xx_hal_gpio.o
                                     0x18cf2d (size before relaxing)
 .debug_str     0x000000000018f5a1      0x239 ./Drivers/STM32H7xx_HAL_Driver/stm32h7xx_hal_hsem.o
                                     0x18cae3 (size before relaxing)
 .debug_str     0x000000000018f7da      0x6b2 ./Drivers/STM32H7xx_HAL_Driver/stm32h7xx_hal_pwr_ex.o
                                     0x18d31d (size before relaxing)
 .debug_str     0x000000000018fe8c      0x29c ./Drivers/STM32H7xx_HAL_Driver/stm32h7xx_hal_rcc.o
                                     0x18d159 (size before relaxing)
 .debug_str     0x0000000000190128      0x6c3 ./Drivers/STM32H7xx_HAL_Driver/stm32h7xx_hal_rcc_ex.o
                                     0x18d671 (size before relaxing)
 .debug_str     0x00000000001907eb      0x7fd ./Drivers/STM32H7xx_HAL_Driver/stm32h7xx_hal_sd.o
                                     0x18d4c5 (size before relaxing)
 .debug_str     0x0000000000190fe8      0x4d8 ./Drivers/STM32H7xx_HAL_Driver/stm32h7xx_ll_sdmmc.o
                                     0x18cf47 (size before relaxing)
 .debug_str     0x00000000001914c0       0x2f ./FATFS/App/fatfs.o
                                     0x18d2f4 (size before relaxing)
 .debug_str     0x00000000001914ef      0x154 ./FATFS/Target/bsp_driver_sd.o
                                     0x18ce70 (size before relaxing)
 .debug_str     0x0000000000191643       0x38 ./FATFS/Target/fatfs_platform.o
                                     0x18c976 (size before relaxing)
 .debug_str     0x000000000019167b      0x148 ./FATFS/Target/sd_diskio.o
                                     0x18d3cc (size before relaxing)
 .debug_str     0x00000000001917c3       0x87 ./Middlewares/Third_Party/FatFs/diskio.o
                                     0x18d250 (size before relaxing)
 .debug_str     0x000000000019184a     0x10a8 ./Middlewares/Third_Party/FatFs/ff.o
                                     0x18e475 (size before relaxing)
 .debug_str     0x00000000001928f2       0xd2 ./Middlewares/Third_Party/FatFs/ff_gen_drv.o
                                     0x18d2a1 (size before relaxing)

.comment        0x0000000000000000       0x53
 .comment       0x0000000000000000       0x53 ./Common/Src/system_stm32h7xx_dualcore_boot_cm4_cm7.o
                                         0x54 (size before relaxing)
 .comment       0x0000000000000053       0x54 ./Core/Src/main.o
 .comment       0x0000000000000053       0x54 ./Core/Src/stm32h7xx_hal_msp.o
 .comment       0x0000000000000053       0x54 ./Core/Src/stm32h7xx_it.o
 .comment       0x0000000000000053       0x54 ./Drivers/STM32H7xx_HAL_Driver/stm32h7xx_hal.o
 .comment       0x0000000000000053       0x54 ./Drivers/STM32H7xx_HAL_Driver/stm32h7xx_hal_cortex.o
 .comment       0x0000000000000053       0x54 ./Drivers/STM32H7xx_HAL_Driver/stm32h7xx_hal_gpio.o
 .comment       0x0000000000000053       0x54 ./Drivers/STM32H7xx_HAL_Driver/stm32h7xx_hal_hsem.o
 .comment       0x0000000000000053       0x54 ./Drivers/STM32H7xx_HAL_Driver/stm32h7xx_hal_pwr_ex.o
 .comment       0x0000000000000053       0x54 ./Drivers/STM32H7xx_HAL_Driver/stm32h7xx_hal_rcc.o
 .comment       0x0000000000000053       0x54 ./Drivers/STM32H7xx_HAL_Driver/stm32h7xx_hal_rcc_ex.o
 .comment       0x0000000000000053       0x54 ./Drivers/STM32H7xx_HAL_Driver/stm32h7xx_hal_sd.o
 .comment       0x0000000000000053       0x54 ./Drivers/STM32H7xx_HAL_Driver/stm32h7xx_ll_sdmmc.o
 .comment       0x0000000000000053       0x54 ./FATFS/App/fatfs.o
 .comment       0x0000000000000053       0x54 ./FATFS/Target/bsp_driver_sd.o
 .comment       0x0000000000000053       0x54 ./FATFS/Target/fatfs_platform.o
 .comment       0x0000000000000053       0x54 ./FATFS/Target/sd_diskio.o
 .comment       0x0000000000000053       0x54 ./Middlewares/Third_Party/FatFs/diskio.o
 .comment       0x0000000000000053       0x54 ./Middlewares/Third_Party/FatFs/ff.o
 .comment       0x0000000000000053       0x54 ./Middlewares/Third_Party/FatFs/ff_gen_drv.o

.debug_frame    0x0000000000000000     0x3b90
 .debug_frame   0x0000000000000000       0x58 ./Common/Src/system_stm32h7xx_dualcore_boot_cm4_cm7.o
 .debug_frame   0x0000000000000058       0xb0 ./Core/Src/main.o
 .debug_frame   0x0000000000000108       0x84 ./Core/Src/stm32h7xx_hal_msp.o
 .debug_frame   0x000000000000018c      0x120 ./Core/Src/stm32h7xx_it.o
 .debug_frame   0x00000000000002ac      0x848 ./Drivers/STM32H7xx_HAL_Driver/stm32h7xx_hal.o
 .debug_frame   0x0000000000000af4      0x4b8 ./Drivers/STM32H7xx_HAL_Driver/stm32h7xx_hal_cortex.o
 .debug_frame   0x0000000000000fac      0x14c ./Drivers/STM32H7xx_HAL_Driver/stm32h7xx_hal_gpio.o
 .debug_frame   0x00000000000010f8      0x1bc ./Drivers/STM32H7xx_HAL_Driver/stm32h7xx_hal_hsem.o
 .debug_frame   0x00000000000012b4      0x5ec ./Drivers/STM32H7xx_HAL_Driver/stm32h7xx_hal_pwr_ex.o
 .debug_frame   0x00000000000018a0      0x1f8 ./Drivers/STM32H7xx_HAL_Driver/stm32h7xx_hal_rcc.o
 .debug_frame   0x0000000000001a98      0x41c ./Drivers/STM32H7xx_HAL_Driver/stm32h7xx_hal_rcc_ex.o
 .debug_frame   0x0000000000001eb4      0x670 ./Drivers/STM32H7xx_HAL_Driver/stm32h7xx_hal_sd.o
 .debug_frame   0x0000000000002524      0x71c ./Drivers/STM32H7xx_HAL_Driver/stm32h7xx_ll_sdmmc.o
 .debug_frame   0x0000000000002c40       0x4c ./FATFS/App/fatfs.o
 .debug_frame   0x0000000000002c8c      0x238 ./FATFS/Target/bsp_driver_sd.o
 .debug_frame   0x0000000000002ec4       0x34 ./FATFS/Target/fatfs_platform.o
 .debug_frame   0x0000000000002ef8      0x14c ./FATFS/Target/sd_diskio.o
 .debug_frame   0x0000000000003044       0xec ./Middlewares/Third_Party/FatFs/diskio.o
 .debug_frame   0x0000000000003130      0x94c ./Middlewares/Third_Party/FatFs/ff.o
 .debug_frame   0x0000000000003a7c       0xc8 ./Middlewares/Third_Party/FatFs/ff_gen_drv.o
 .debug_frame   0x0000000000003b44       0x2c c:/st/stm32cubeide_1.6.0/stm32cubeide/plugins/com.st.stm32cube.ide.mcu.externaltools.gnu-tools-for-stm32.9-2020-q2-update.win32_2.0.0.202105311346/tools/bin/../lib/gcc/arm-none-eabi/9.3.1/../../../../arm-none-eabi/lib/thumb/v7e-m+dp/hard\libc_nano.a(lib_a-init.o)
 .debug_frame   0x0000000000003b70       0x20 c:/st/stm32cubeide_1.6.0/stm32cubeide/plugins/com.st.stm32cube.ide.mcu.externaltools.gnu-tools-for-stm32.9-2020-q2-update.win32_2.0.0.202105311346/tools/bin/../lib/gcc/arm-none-eabi/9.3.1/../../../../arm-none-eabi/lib/thumb/v7e-m+dp/hard\libc_nano.a(lib_a-memset.o)
